
29. Printing statistics.

=== RISC_SPM ===

   Number of wires:               8973
   Number of wire bits:           9001
   Number of public wires:        2128
   Number of public wire bits:    2156
   Number of memories:               0
   Number of memory bits:            0
   Number of processes:              0
   Number of cells:               8982
     sky130_fd_sc_hd__a211o_2        1
     sky130_fd_sc_hd__a21bo_2        2
     sky130_fd_sc_hd__a21o_2         3
     sky130_fd_sc_hd__a21oi_2        4
     sky130_fd_sc_hd__a221o_2        1
     sky130_fd_sc_hd__a22o_2        49
     sky130_fd_sc_hd__a31o_2        13
     sky130_fd_sc_hd__a32o_2         4
     sky130_fd_sc_hd__a41o_2         1
     sky130_fd_sc_hd__and3_2         3
     sky130_fd_sc_hd__and4_2         3
     sky130_fd_sc_hd__buf_1        878
     sky130_fd_sc_hd__dfrtp_2       69
     sky130_fd_sc_hd__dfxtp_2     2048
     sky130_fd_sc_hd__inv_2        334
     sky130_fd_sc_hd__inv_4          7
     sky130_fd_sc_hd__mux2_1      2111
     sky130_fd_sc_hd__mux2_2        16
     sky130_fd_sc_hd__mux4_1       680
     sky130_fd_sc_hd__nand2_2       10
     sky130_fd_sc_hd__nor2_2       258
     sky130_fd_sc_hd__nor3_2         2
     sky130_fd_sc_hd__o211ai_2       1
     sky130_fd_sc_hd__o21a_2         7
     sky130_fd_sc_hd__o21ai_2       12
     sky130_fd_sc_hd__o221a_2        1
     sky130_fd_sc_hd__o221ai_2       4
     sky130_fd_sc_hd__o22a_2      2308
     sky130_fd_sc_hd__o22ai_2        2
     sky130_fd_sc_hd__o2bb2a_2       2
     sky130_fd_sc_hd__o31a_2         1
     sky130_fd_sc_hd__o32a_2        11
     sky130_fd_sc_hd__or2_2         56
     sky130_fd_sc_hd__or2b_2         1
     sky130_fd_sc_hd__or3_2         16
     sky130_fd_sc_hd__or4_2         63

   Chip area for module '\RISC_SPM': 118864.000000

