Startpoint: rst (input port clocked by clk)
Endpoint: _15803_ (removal check against rising-edge clock clk)
Path Group: **async_default**
Path Type: min

Fanout     Cap    Slew   Delay    Time   Description
-----------------------------------------------------------------------------
                  0.15    0.00    0.00   clock clk (rise edge)
                          0.00    0.00   clock network delay (ideal)
                         20.00   20.00 ^ input external delay
                  2.95    1.88   21.88 ^ rst (in)
    69    0.37                           rst (net)
                  2.96    0.00   21.88 ^ _15803_/RESET_B (sky130_fd_sc_hd__dfrtp_2)
                                 21.88   data arrival time

                  0.15    0.00    0.00   clock clk (rise edge)
                          0.00    0.00   clock network delay (ideal)
                          0.25    0.25   clock uncertainty
                          0.00    0.25   clock reconvergence pessimism
                                  0.25 ^ _15803_/CLK (sky130_fd_sc_hd__dfrtp_2)
                          6.36    6.61   library removal time
                                  6.61   data required time
-----------------------------------------------------------------------------
                                  6.61   data required time
                                -21.88   data arrival time
-----------------------------------------------------------------------------
                                 15.28   slack (MET)


Startpoint: _15800_ (rising edge-triggered flip-flop clocked by clk)
Endpoint: _15800_ (rising edge-triggered flip-flop clocked by clk)
Path Group: clk
Path Type: min

Fanout     Cap    Slew   Delay    Time   Description
-----------------------------------------------------------------------------
                  0.15    0.00    0.00   clock clk (rise edge)
                          0.00    0.00   clock network delay (ideal)
                  0.15    0.00    0.00 ^ _15800_/CLK (sky130_fd_sc_hd__dfrtp_2)
                  0.05    5.15    5.15 v _15800_/Q (sky130_fd_sc_hd__dfrtp_2)
     2    0.00                           M0_Processor.Mux_1.data_c[6] (net)
                  0.05    0.00    5.15 v _07000_/A1 (sky130_fd_sc_hd__a22o_2)
                  0.04    0.20    5.36 v _07000_/X (sky130_fd_sc_hd__a22o_2)
     1    0.00                           _05167_ (net)
                  0.04    0.00    5.36 v _15800_/D (sky130_fd_sc_hd__dfrtp_2)
                                  5.36   data arrival time

                  0.15    0.00    0.00   clock clk (rise edge)
                          0.00    0.00   clock network delay (ideal)
                          0.25    0.25   clock uncertainty
                          0.00    0.25   clock reconvergence pessimism
                                  0.25 ^ _15800_/CLK (sky130_fd_sc_hd__dfrtp_2)
                          4.24    4.49   library hold time
                                  4.49   data required time
-----------------------------------------------------------------------------
                                  4.49   data required time
                                 -5.36   data arrival time
-----------------------------------------------------------------------------
                                  0.87   slack (MET)


Startpoint: rst (input port clocked by clk)
Endpoint: _15767_ (recovery check against rising-edge clock clk)
Path Group: **async_default**
Path Type: max

Fanout     Cap    Slew   Delay    Time   Description
-----------------------------------------------------------------------------
                  0.15    0.00    0.00   clock clk (rise edge)
                          0.00    0.00   clock network delay (ideal)
                         20.00   20.00 ^ input external delay
                  2.95    2.31   22.31 ^ rst (in)
    69    0.37                           rst (net)
                  2.96    0.00   22.31 ^ _15767_/RESET_B (sky130_fd_sc_hd__dfrtp_2)
                                 22.31   data arrival time

                  0.15  100.00  100.00   clock clk (rise edge)
                          0.00  100.00   clock network delay (ideal)
                         -0.25   99.75   clock uncertainty
                          0.00   99.75   clock reconvergence pessimism
                                 99.75 ^ _15767_/CLK (sky130_fd_sc_hd__dfrtp_2)
                         10.03  109.78   library recovery time
                                109.78   data required time
-----------------------------------------------------------------------------
                                109.78   data required time
                                -22.31   data arrival time
-----------------------------------------------------------------------------
                                 87.47   slack (MET)


Startpoint: _15770_ (rising edge-triggered flip-flop clocked by clk)
Endpoint: memory_bus[7] (output port clocked by clk)
Path Group: clk
Path Type: max

Fanout     Cap    Slew   Delay    Time   Description
-----------------------------------------------------------------------------
                  0.15    0.00    0.00   clock clk (rise edge)
                          0.00    0.00   clock network delay (ideal)
                  0.15    0.00    0.00 ^ _15770_/CLK (sky130_fd_sc_hd__dfrtp_2)
                 14.21   15.46   15.46 ^ _15770_/Q (sky130_fd_sc_hd__dfrtp_2)
   522    3.31                           M0_Processor.Add_R.data_out[0] (net)
                 14.22    0.42   15.88 ^ _13633_/S0 (sky130_fd_sc_hd__mux4_1)
                  0.36    2.55   18.43 ^ _13633_/X (sky130_fd_sc_hd__mux4_1)
     1    0.01                           _02985_ (net)
                  0.36    0.00   18.44 ^ _13634_/A3 (sky130_fd_sc_hd__mux4_1)
                  0.24    0.45   18.89 ^ _13634_/X (sky130_fd_sc_hd__mux4_1)
     1    0.02                           _02986_ (net)
                  0.24    0.00   18.89 ^ _13645_/A1 (sky130_fd_sc_hd__mux4_1)
                  0.29    0.50   19.39 ^ _13645_/X (sky130_fd_sc_hd__mux4_1)
     1    0.03                           _02997_ (net)
                  0.29    0.00   19.39 ^ _13709_/A0 (sky130_fd_sc_hd__mux4_1)
                  1.25    1.23   20.62 ^ _13709_/X (sky130_fd_sc_hd__mux4_1)
     2    0.04                           memory_bus[7] (net)
                  1.25    0.03   20.65 ^ memory_bus[7] (out)
                                 20.65   data arrival time

                  0.15  100.00  100.00   clock clk (rise edge)
                          0.00  100.00   clock network delay (ideal)
                         -0.25   99.75   clock uncertainty
                          0.00   99.75   clock reconvergence pessimism
                        -20.00   79.75   output external delay
                                 79.75   data required time
-----------------------------------------------------------------------------
                                 79.75   data required time
                                -20.65   data arrival time
-----------------------------------------------------------------------------
                                 59.10   slack (MET)


