
===========================================================================
report_checks -path_delay min (Hold)
============================================================================
Startpoint: reset (input port clocked by clk)
Endpoint: _303_ (removal check against rising-edge clock clk)
Path Group: **async_default**
Path Type: min

Fanout     Cap    Slew   Delay    Time   Description
-----------------------------------------------------------------------------
                          0.00    0.00   clock clk (rise edge)
                          0.00    0.00   clock network delay (propagated)
                         20.00   20.00 v input external delay
                  0.01    0.01   20.01 v reset (in)
     1    0.00                           reset (net)
                  0.01    0.00   20.01 v input1/A (sky130_fd_sc_hd__clkbuf_2)
                  0.04    0.09   20.10 v input1/X (sky130_fd_sc_hd__clkbuf_2)
     2    0.01                           net1 (net)
                  0.04    0.00   20.10 v _141_/A (sky130_fd_sc_hd__inv_2)
                  0.04    0.05   20.15 ^ _141_/Y (sky130_fd_sc_hd__inv_2)
     4    0.01                           _130_ (net)
                  0.04    0.00   20.15 ^ _153_/A (sky130_fd_sc_hd__dlymetal6s2s_1)
                  0.13    0.14   20.29 ^ _153_/X (sky130_fd_sc_hd__dlymetal6s2s_1)
     5    0.01                           _139_ (net)
                  0.13    0.00   20.29 ^ _154_/A (sky130_fd_sc_hd__clkbuf_2)
                  0.08    0.15   20.44 ^ _154_/X (sky130_fd_sc_hd__clkbuf_2)
     5    0.01                           _030_ (net)
                  0.08    0.00   20.44 ^ _303_/RESET_B (sky130_fd_sc_hd__dfrtp_1)
                                 20.44   data arrival time

                          0.00    0.00   clock clk (rise edge)
                          0.00    0.00   clock source latency
                  0.07    0.05    0.05 ^ clk (in)
     1    0.01                           clk (net)
                  0.07    0.00    0.05 ^ clkbuf_0_clk/A (sky130_fd_sc_hd__clkbuf_16)
                  0.03    0.13    0.18 ^ clkbuf_0_clk/X (sky130_fd_sc_hd__clkbuf_16)
     2    0.00                           clknet_0_clk (net)
                  0.03    0.00    0.18 ^ clkbuf_1_0_0_clk/A (sky130_fd_sc_hd__clkbuf_2)
                  0.11    0.15    0.33 ^ clkbuf_1_0_0_clk/X (sky130_fd_sc_hd__clkbuf_2)
    10    0.02                           clknet_1_0_0_clk (net)
                  0.11    0.00    0.33 ^ _303_/CLK (sky130_fd_sc_hd__dfrtp_1)
                          0.25    0.58   clock uncertainty
                          0.00    0.58   clock reconvergence pessimism
                          0.35    0.92   library removal time
                                  0.92   data required time
-----------------------------------------------------------------------------
                                  0.92   data required time
                                -20.44   data arrival time
-----------------------------------------------------------------------------
                                 19.52   slack (MET)


Startpoint: reset (input port clocked by clk)
Endpoint: _304_ (removal check against rising-edge clock clk)
Path Group: **async_default**
Path Type: min

Fanout     Cap    Slew   Delay    Time   Description
-----------------------------------------------------------------------------
                          0.00    0.00   clock clk (rise edge)
                          0.00    0.00   clock network delay (propagated)
                         20.00   20.00 v input external delay
                  0.01    0.01   20.01 v reset (in)
     1    0.00                           reset (net)
                  0.01    0.00   20.01 v input1/A (sky130_fd_sc_hd__clkbuf_2)
                  0.04    0.09   20.10 v input1/X (sky130_fd_sc_hd__clkbuf_2)
     2    0.01                           net1 (net)
                  0.04    0.00   20.10 v _141_/A (sky130_fd_sc_hd__inv_2)
                  0.04    0.05   20.15 ^ _141_/Y (sky130_fd_sc_hd__inv_2)
     4    0.01                           _130_ (net)
                  0.04    0.00   20.15 ^ _153_/A (sky130_fd_sc_hd__dlymetal6s2s_1)
                  0.13    0.14   20.29 ^ _153_/X (sky130_fd_sc_hd__dlymetal6s2s_1)
     5    0.01                           _139_ (net)
                  0.13    0.00   20.29 ^ _274_/A (sky130_fd_sc_hd__clkbuf_1)
                  0.04    0.09   20.39 ^ _274_/X (sky130_fd_sc_hd__clkbuf_1)
     1    0.00                           _129_ (net)
                  0.04    0.00   20.39 ^ _275_/A (sky130_fd_sc_hd__clkbuf_1)
                  0.06    0.08   20.47 ^ _275_/X (sky130_fd_sc_hd__clkbuf_1)
     1    0.00                           _031_ (net)
                  0.06    0.00   20.47 ^ _304_/RESET_B (sky130_fd_sc_hd__dfrtp_1)
                                 20.47   data arrival time

                          0.00    0.00   clock clk (rise edge)
                          0.00    0.00   clock source latency
                  0.07    0.05    0.05 ^ clk (in)
     1    0.01                           clk (net)
                  0.07    0.00    0.05 ^ clkbuf_0_clk/A (sky130_fd_sc_hd__clkbuf_16)
                  0.03    0.13    0.18 ^ clkbuf_0_clk/X (sky130_fd_sc_hd__clkbuf_16)
     2    0.00                           clknet_0_clk (net)
                  0.03    0.00    0.18 ^ clkbuf_1_0_0_clk/A (sky130_fd_sc_hd__clkbuf_2)
                  0.11    0.15    0.33 ^ clkbuf_1_0_0_clk/X (sky130_fd_sc_hd__clkbuf_2)
    10    0.02                           clknet_1_0_0_clk (net)
                  0.11    0.00    0.33 ^ _304_/CLK (sky130_fd_sc_hd__dfrtp_1)
                          0.25    0.58   clock uncertainty
                          0.00    0.58   clock reconvergence pessimism
                          0.34    0.92   library removal time
                                  0.92   data required time
-----------------------------------------------------------------------------
                                  0.92   data required time
                                -20.47   data arrival time
-----------------------------------------------------------------------------
                                 19.55   slack (MET)


Startpoint: reset (input port clocked by clk)
Endpoint: _290_ (removal check against rising-edge clock clk)
Path Group: **async_default**
Path Type: min

Fanout     Cap    Slew   Delay    Time   Description
-----------------------------------------------------------------------------
                          0.00    0.00   clock clk (rise edge)
                          0.00    0.00   clock network delay (propagated)
                         20.00   20.00 v input external delay
                  0.01    0.01   20.01 v reset (in)
     1    0.00                           reset (net)
                  0.01    0.00   20.01 v input1/A (sky130_fd_sc_hd__clkbuf_2)
                  0.04    0.09   20.10 v input1/X (sky130_fd_sc_hd__clkbuf_2)
     2    0.01                           net1 (net)
                  0.04    0.00   20.10 v _141_/A (sky130_fd_sc_hd__inv_2)
                  0.04    0.05   20.15 ^ _141_/Y (sky130_fd_sc_hd__inv_2)
     4    0.01                           _130_ (net)
                  0.04    0.00   20.15 ^ _153_/A (sky130_fd_sc_hd__dlymetal6s2s_1)
                  0.13    0.14   20.29 ^ _153_/X (sky130_fd_sc_hd__dlymetal6s2s_1)
     5    0.01                           _139_ (net)
                  0.13    0.00   20.29 ^ _186_/A (sky130_fd_sc_hd__clkbuf_2)
                  0.07    0.15   20.44 ^ _186_/X (sky130_fd_sc_hd__clkbuf_2)
     5    0.01                           _063_ (net)
                  0.07    0.00   20.44 ^ _236_/A (sky130_fd_sc_hd__clkbuf_1)
                  0.04    0.08   20.52 ^ _236_/X (sky130_fd_sc_hd__clkbuf_1)
     1    0.00                           _107_ (net)
                  0.04    0.00   20.52 ^ _237_/A (sky130_fd_sc_hd__clkbuf_1)
                  0.05    0.08   20.60 ^ _237_/X (sky130_fd_sc_hd__clkbuf_1)
     1    0.00                           _017_ (net)
                  0.05    0.00   20.60 ^ _290_/RESET_B (sky130_fd_sc_hd__dfrtp_2)
                                 20.60   data arrival time

                          0.00    0.00   clock clk (rise edge)
                          0.00    0.00   clock source latency
                  0.07    0.05    0.05 ^ clk (in)
     1    0.01                           clk (net)
                  0.07    0.00    0.05 ^ clkbuf_0_clk/A (sky130_fd_sc_hd__clkbuf_16)
                  0.03    0.13    0.18 ^ clkbuf_0_clk/X (sky130_fd_sc_hd__clkbuf_16)
     2    0.00                           clknet_0_clk (net)
                  0.03    0.00    0.18 ^ clkbuf_1_1_0_clk/A (sky130_fd_sc_hd__clkbuf_2)
                  0.12    0.16    0.33 ^ clkbuf_1_1_0_clk/X (sky130_fd_sc_hd__clkbuf_2)
    11    0.02                           clknet_1_1_0_clk (net)
                  0.12    0.00    0.33 ^ _290_/CLK (sky130_fd_sc_hd__dfrtp_2)
                          0.25    0.58   clock uncertainty
                          0.00    0.58   clock reconvergence pessimism
                          0.34    0.93   library removal time
                                  0.93   data required time
-----------------------------------------------------------------------------
                                  0.93   data required time
                                -20.60   data arrival time
-----------------------------------------------------------------------------
                                 19.67   slack (MET)


Startpoint: reset (input port clocked by clk)
Endpoint: _287_ (removal check against rising-edge clock clk)
Path Group: **async_default**
Path Type: min

Fanout     Cap    Slew   Delay    Time   Description
-----------------------------------------------------------------------------
                          0.00    0.00   clock clk (rise edge)
                          0.00    0.00   clock network delay (propagated)
                         20.00   20.00 v input external delay
                  0.01    0.01   20.01 v reset (in)
     1    0.00                           reset (net)
                  0.01    0.00   20.01 v input1/A (sky130_fd_sc_hd__clkbuf_2)
                  0.04    0.09   20.10 v input1/X (sky130_fd_sc_hd__clkbuf_2)
     2    0.01                           net1 (net)
                  0.04    0.00   20.10 v _141_/A (sky130_fd_sc_hd__inv_2)
                  0.04    0.05   20.15 ^ _141_/Y (sky130_fd_sc_hd__inv_2)
     4    0.01                           _130_ (net)
                  0.04    0.00   20.15 ^ _153_/A (sky130_fd_sc_hd__dlymetal6s2s_1)
                  0.13    0.14   20.29 ^ _153_/X (sky130_fd_sc_hd__dlymetal6s2s_1)
     5    0.01                           _139_ (net)
                  0.13    0.00   20.29 ^ _247_/A (sky130_fd_sc_hd__clkbuf_2)
                  0.07    0.15   20.44 ^ _247_/X (sky130_fd_sc_hd__clkbuf_2)
     5    0.01                           _114_ (net)
                  0.07    0.00   20.44 ^ _255_/A (sky130_fd_sc_hd__clkbuf_1)
                  0.04    0.08   20.52 ^ _255_/X (sky130_fd_sc_hd__clkbuf_1)
     1    0.00                           _120_ (net)
                  0.04    0.00   20.52 ^ _256_/A (sky130_fd_sc_hd__clkbuf_1)
                  0.06    0.08   20.60 ^ _256_/X (sky130_fd_sc_hd__clkbuf_1)
     1    0.00                           _014_ (net)
                  0.06    0.00   20.60 ^ _287_/RESET_B (sky130_fd_sc_hd__dfrtp_4)
                                 20.60   data arrival time

                          0.00    0.00   clock clk (rise edge)
                          0.00    0.00   clock source latency
                  0.07    0.05    0.05 ^ clk (in)
     1    0.01                           clk (net)
                  0.07    0.00    0.05 ^ clkbuf_0_clk/A (sky130_fd_sc_hd__clkbuf_16)
                  0.03    0.13    0.18 ^ clkbuf_0_clk/X (sky130_fd_sc_hd__clkbuf_16)
     2    0.00                           clknet_0_clk (net)
                  0.03    0.00    0.18 ^ clkbuf_1_1_0_clk/A (sky130_fd_sc_hd__clkbuf_2)
                  0.12    0.16    0.33 ^ clkbuf_1_1_0_clk/X (sky130_fd_sc_hd__clkbuf_2)
    11    0.02                           clknet_1_1_0_clk (net)
                  0.12    0.00    0.33 ^ _287_/CLK (sky130_fd_sc_hd__dfrtp_4)
                          0.25    0.58   clock uncertainty
                          0.00    0.58   clock reconvergence pessimism
                          0.34    0.93   library removal time
                                  0.93   data required time
-----------------------------------------------------------------------------
                                  0.93   data required time
                                -20.60   data arrival time
-----------------------------------------------------------------------------
                                 19.67   slack (MET)


Startpoint: reset (input port clocked by clk)
Endpoint: _289_ (removal check against rising-edge clock clk)
Path Group: **async_default**
Path Type: min

Fanout     Cap    Slew   Delay    Time   Description
-----------------------------------------------------------------------------
                          0.00    0.00   clock clk (rise edge)
                          0.00    0.00   clock network delay (propagated)
                         20.00   20.00 v input external delay
                  0.01    0.01   20.01 v reset (in)
     1    0.00                           reset (net)
                  0.01    0.00   20.01 v input1/A (sky130_fd_sc_hd__clkbuf_2)
                  0.04    0.09   20.10 v input1/X (sky130_fd_sc_hd__clkbuf_2)
     2    0.01                           net1 (net)
                  0.04    0.00   20.10 v _141_/A (sky130_fd_sc_hd__inv_2)
                  0.04    0.05   20.15 ^ _141_/Y (sky130_fd_sc_hd__inv_2)
     4    0.01                           _130_ (net)
                  0.04    0.00   20.15 ^ _153_/A (sky130_fd_sc_hd__dlymetal6s2s_1)
                  0.13    0.14   20.29 ^ _153_/X (sky130_fd_sc_hd__dlymetal6s2s_1)
     5    0.01                           _139_ (net)
                  0.13    0.00   20.29 ^ _186_/A (sky130_fd_sc_hd__clkbuf_2)
                  0.07    0.15   20.44 ^ _186_/X (sky130_fd_sc_hd__clkbuf_2)
     5    0.01                           _063_ (net)
                  0.07    0.00   20.44 ^ _243_/A (sky130_fd_sc_hd__clkbuf_1)
                  0.04    0.08   20.52 ^ _243_/X (sky130_fd_sc_hd__clkbuf_1)
     1    0.00                           _112_ (net)
                  0.04    0.00   20.52 ^ _244_/A (sky130_fd_sc_hd__clkbuf_1)
                  0.06    0.08   20.60 ^ _244_/X (sky130_fd_sc_hd__clkbuf_1)
     1    0.00                           _016_ (net)
                  0.06    0.00   20.60 ^ _289_/RESET_B (sky130_fd_sc_hd__dfrtp_4)
                                 20.60   data arrival time

                          0.00    0.00   clock clk (rise edge)
                          0.00    0.00   clock source latency
                  0.07    0.05    0.05 ^ clk (in)
     1    0.01                           clk (net)
                  0.07    0.00    0.05 ^ clkbuf_0_clk/A (sky130_fd_sc_hd__clkbuf_16)
                  0.03    0.13    0.18 ^ clkbuf_0_clk/X (sky130_fd_sc_hd__clkbuf_16)
     2    0.00                           clknet_0_clk (net)
                  0.03    0.00    0.18 ^ clkbuf_1_1_0_clk/A (sky130_fd_sc_hd__clkbuf_2)
                  0.12    0.16    0.33 ^ clkbuf_1_1_0_clk/X (sky130_fd_sc_hd__clkbuf_2)
    11    0.02                           clknet_1_1_0_clk (net)
                  0.12    0.00    0.33 ^ _289_/CLK (sky130_fd_sc_hd__dfrtp_4)
                          0.25    0.58   clock uncertainty
                          0.00    0.58   clock reconvergence pessimism
                          0.34    0.93   library removal time
                                  0.93   data required time
-----------------------------------------------------------------------------
                                  0.93   data required time
                                -20.60   data arrival time
-----------------------------------------------------------------------------
                                 19.67   slack (MET)


Startpoint: _302_ (rising edge-triggered flip-flop clocked by clk)
Endpoint: _302_ (rising edge-triggered flip-flop clocked by clk)
Path Group: clk
Path Type: min

Fanout     Cap    Slew   Delay    Time   Description
-----------------------------------------------------------------------------
                          0.00    0.00   clock clk (rise edge)
                          0.00    0.00   clock source latency
                  0.07    0.04    0.04 ^ clk (in)
     1    0.01                           clk (net)
                  0.07    0.00    0.04 ^ clkbuf_0_clk/A (sky130_fd_sc_hd__clkbuf_16)
                  0.03    0.11    0.16 ^ clkbuf_0_clk/X (sky130_fd_sc_hd__clkbuf_16)
     2    0.00                           clknet_0_clk (net)
                  0.03    0.00    0.16 ^ clkbuf_1_0_0_clk/A (sky130_fd_sc_hd__clkbuf_2)
                  0.11    0.14    0.30 ^ clkbuf_1_0_0_clk/X (sky130_fd_sc_hd__clkbuf_2)
    10    0.02                           clknet_1_0_0_clk (net)
                  0.11    0.00    0.30 ^ _302_/CLK (sky130_fd_sc_hd__dfrtp_1)
                  0.07    0.34    0.64 ^ _302_/Q (sky130_fd_sc_hd__dfrtp_1)
     3    0.01                           datapath_module0.multiplier[1] (net)
                  0.07    0.00    0.64 ^ _160_/B1 (sky130_fd_sc_hd__a22o_1)
                  0.04    0.11    0.74 ^ _160_/X (sky130_fd_sc_hd__a22o_1)
     1    0.00                           _049_ (net)
                  0.04    0.00    0.74 ^ _302_/D (sky130_fd_sc_hd__dfrtp_1)
                                  0.74   data arrival time

                          0.00    0.00   clock clk (rise edge)
                          0.00    0.00   clock source latency
                  0.07    0.05    0.05 ^ clk (in)
     1    0.01                           clk (net)
                  0.07    0.00    0.05 ^ clkbuf_0_clk/A (sky130_fd_sc_hd__clkbuf_16)
                  0.03    0.13    0.18 ^ clkbuf_0_clk/X (sky130_fd_sc_hd__clkbuf_16)
     2    0.00                           clknet_0_clk (net)
                  0.03    0.00    0.18 ^ clkbuf_1_0_0_clk/A (sky130_fd_sc_hd__clkbuf_2)
                  0.11    0.15    0.33 ^ clkbuf_1_0_0_clk/X (sky130_fd_sc_hd__clkbuf_2)
    10    0.02                           clknet_1_0_0_clk (net)
                  0.11    0.00    0.33 ^ _302_/CLK (sky130_fd_sc_hd__dfrtp_1)
                          0.25    0.58   clock uncertainty
                         -0.03    0.55   clock reconvergence pessimism
                         -0.02    0.52   library hold time
                                  0.52   data required time
-----------------------------------------------------------------------------
                                  0.52   data required time
                                 -0.74   data arrival time
-----------------------------------------------------------------------------
                                  0.22   slack (MET)


Startpoint: _303_ (rising edge-triggered flip-flop clocked by clk)
Endpoint: _303_ (rising edge-triggered flip-flop clocked by clk)
Path Group: clk
Path Type: min

Fanout     Cap    Slew   Delay    Time   Description
-----------------------------------------------------------------------------
                          0.00    0.00   clock clk (rise edge)
                          0.00    0.00   clock source latency
                  0.07    0.04    0.04 ^ clk (in)
     1    0.01                           clk (net)
                  0.07    0.00    0.04 ^ clkbuf_0_clk/A (sky130_fd_sc_hd__clkbuf_16)
                  0.03    0.11    0.16 ^ clkbuf_0_clk/X (sky130_fd_sc_hd__clkbuf_16)
     2    0.00                           clknet_0_clk (net)
                  0.03    0.00    0.16 ^ clkbuf_1_0_0_clk/A (sky130_fd_sc_hd__clkbuf_2)
                  0.11    0.14    0.30 ^ clkbuf_1_0_0_clk/X (sky130_fd_sc_hd__clkbuf_2)
    10    0.02                           clknet_1_0_0_clk (net)
                  0.11    0.00    0.30 ^ _303_/CLK (sky130_fd_sc_hd__dfrtp_1)
                  0.07    0.34    0.64 ^ _303_/Q (sky130_fd_sc_hd__dfrtp_1)
     3    0.01                           datapath_module0.multiplier[2] (net)
                  0.07    0.00    0.64 ^ _157_/B1 (sky130_fd_sc_hd__a22o_1)
                  0.04    0.11    0.75 ^ _157_/X (sky130_fd_sc_hd__a22o_1)
     1    0.00                           _050_ (net)
                  0.04    0.00    0.75 ^ _303_/D (sky130_fd_sc_hd__dfrtp_1)
                                  0.75   data arrival time

                          0.00    0.00   clock clk (rise edge)
                          0.00    0.00   clock source latency
                  0.07    0.05    0.05 ^ clk (in)
     1    0.01                           clk (net)
                  0.07    0.00    0.05 ^ clkbuf_0_clk/A (sky130_fd_sc_hd__clkbuf_16)
                  0.03    0.13    0.18 ^ clkbuf_0_clk/X (sky130_fd_sc_hd__clkbuf_16)
     2    0.00                           clknet_0_clk (net)
                  0.03    0.00    0.18 ^ clkbuf_1_0_0_clk/A (sky130_fd_sc_hd__clkbuf_2)
                  0.11    0.15    0.33 ^ clkbuf_1_0_0_clk/X (sky130_fd_sc_hd__clkbuf_2)
    10    0.02                           clknet_1_0_0_clk (net)
                  0.11    0.00    0.33 ^ _303_/CLK (sky130_fd_sc_hd__dfrtp_1)
                          0.25    0.58   clock uncertainty
                         -0.03    0.55   clock reconvergence pessimism
                         -0.02    0.52   library hold time
                                  0.52   data required time
-----------------------------------------------------------------------------
                                  0.52   data required time
                                 -0.75   data arrival time
-----------------------------------------------------------------------------
                                  0.23   slack (MET)


Startpoint: _301_ (rising edge-triggered flip-flop clocked by clk)
Endpoint: _301_ (rising edge-triggered flip-flop clocked by clk)
Path Group: clk
Path Type: min

Fanout     Cap    Slew   Delay    Time   Description
-----------------------------------------------------------------------------
                          0.00    0.00   clock clk (rise edge)
                          0.00    0.00   clock source latency
                  0.07    0.04    0.04 ^ clk (in)
     1    0.01                           clk (net)
                  0.07    0.00    0.04 ^ clkbuf_0_clk/A (sky130_fd_sc_hd__clkbuf_16)
                  0.03    0.11    0.16 ^ clkbuf_0_clk/X (sky130_fd_sc_hd__clkbuf_16)
     2    0.00                           clknet_0_clk (net)
                  0.03    0.00    0.16 ^ clkbuf_1_0_0_clk/A (sky130_fd_sc_hd__clkbuf_2)
                  0.11    0.14    0.30 ^ clkbuf_1_0_0_clk/X (sky130_fd_sc_hd__clkbuf_2)
    10    0.02                           clknet_1_0_0_clk (net)
                  0.11    0.00    0.30 ^ _301_/CLK (sky130_fd_sc_hd__dfrtp_1)
                  0.07    0.34    0.64 ^ _301_/Q (sky130_fd_sc_hd__dfrtp_1)
     3    0.01                           control_module0.m0 (net)
                  0.07    0.00    0.64 ^ _163_/B1 (sky130_fd_sc_hd__a22o_1)
                  0.04    0.11    0.75 ^ _163_/X (sky130_fd_sc_hd__a22o_1)
     1    0.00                           _048_ (net)
                  0.04    0.00    0.75 ^ _301_/D (sky130_fd_sc_hd__dfrtp_1)
                                  0.75   data arrival time

                          0.00    0.00   clock clk (rise edge)
                          0.00    0.00   clock source latency
                  0.07    0.05    0.05 ^ clk (in)
     1    0.01                           clk (net)
                  0.07    0.00    0.05 ^ clkbuf_0_clk/A (sky130_fd_sc_hd__clkbuf_16)
                  0.03    0.13    0.18 ^ clkbuf_0_clk/X (sky130_fd_sc_hd__clkbuf_16)
     2    0.00                           clknet_0_clk (net)
                  0.03    0.00    0.18 ^ clkbuf_1_0_0_clk/A (sky130_fd_sc_hd__clkbuf_2)
                  0.11    0.15    0.33 ^ clkbuf_1_0_0_clk/X (sky130_fd_sc_hd__clkbuf_2)
    10    0.02                           clknet_1_0_0_clk (net)
                  0.11    0.00    0.33 ^ _301_/CLK (sky130_fd_sc_hd__dfrtp_1)
                          0.25    0.58   clock uncertainty
                         -0.03    0.55   clock reconvergence pessimism
                         -0.02    0.52   library hold time
                                  0.52   data required time
-----------------------------------------------------------------------------
                                  0.52   data required time
                                 -0.75   data arrival time
-----------------------------------------------------------------------------
                                  0.23   slack (MET)


Startpoint: _304_ (rising edge-triggered flip-flop clocked by clk)
Endpoint: _304_ (rising edge-triggered flip-flop clocked by clk)
Path Group: clk
Path Type: min

Fanout     Cap    Slew   Delay    Time   Description
-----------------------------------------------------------------------------
                          0.00    0.00   clock clk (rise edge)
                          0.00    0.00   clock source latency
                  0.07    0.04    0.04 ^ clk (in)
     1    0.01                           clk (net)
                  0.07    0.00    0.04 ^ clkbuf_0_clk/A (sky130_fd_sc_hd__clkbuf_16)
                  0.03    0.11    0.16 ^ clkbuf_0_clk/X (sky130_fd_sc_hd__clkbuf_16)
     2    0.00                           clknet_0_clk (net)
                  0.03    0.00    0.16 ^ clkbuf_1_0_0_clk/A (sky130_fd_sc_hd__clkbuf_2)
                  0.11    0.14    0.30 ^ clkbuf_1_0_0_clk/X (sky130_fd_sc_hd__clkbuf_2)
    10    0.02                           clknet_1_0_0_clk (net)
                  0.11    0.00    0.30 ^ _304_/CLK (sky130_fd_sc_hd__dfrtp_1)
                  0.07    0.34    0.64 ^ _304_/Q (sky130_fd_sc_hd__dfrtp_1)
     3    0.01                           datapath_module0.multiplier[3] (net)
                  0.07    0.00    0.64 ^ _152_/A1 (sky130_fd_sc_hd__a22o_1)
                  0.04    0.12    0.75 ^ _152_/X (sky130_fd_sc_hd__a22o_1)
     1    0.00                           _051_ (net)
                  0.04    0.00    0.75 ^ _304_/D (sky130_fd_sc_hd__dfrtp_1)
                                  0.75   data arrival time

                          0.00    0.00   clock clk (rise edge)
                          0.00    0.00   clock source latency
                  0.07    0.05    0.05 ^ clk (in)
     1    0.01                           clk (net)
                  0.07    0.00    0.05 ^ clkbuf_0_clk/A (sky130_fd_sc_hd__clkbuf_16)
                  0.03    0.13    0.18 ^ clkbuf_0_clk/X (sky130_fd_sc_hd__clkbuf_16)
     2    0.00                           clknet_0_clk (net)
                  0.03    0.00    0.18 ^ clkbuf_1_0_0_clk/A (sky130_fd_sc_hd__clkbuf_2)
                  0.11    0.15    0.33 ^ clkbuf_1_0_0_clk/X (sky130_fd_sc_hd__clkbuf_2)
    10    0.02                           clknet_1_0_0_clk (net)
                  0.11    0.00    0.33 ^ _304_/CLK (sky130_fd_sc_hd__dfrtp_1)
                          0.25    0.58   clock uncertainty
                         -0.03    0.55   clock reconvergence pessimism
                         -0.02    0.52   library hold time
                                  0.52   data required time
-----------------------------------------------------------------------------
                                  0.52   data required time
                                 -0.75   data arrival time
-----------------------------------------------------------------------------
                                  0.23   slack (MET)


Startpoint: _296_ (rising edge-triggered flip-flop clocked by clk)
Endpoint: _297_ (rising edge-triggered flip-flop clocked by clk)
Path Group: clk
Path Type: min

Fanout     Cap    Slew   Delay    Time   Description
-----------------------------------------------------------------------------
                          0.00    0.00   clock clk (rise edge)
                          0.00    0.00   clock source latency
                  0.07    0.04    0.04 ^ clk (in)
     1    0.01                           clk (net)
                  0.07    0.00    0.04 ^ clkbuf_0_clk/A (sky130_fd_sc_hd__clkbuf_16)
                  0.03    0.11    0.16 ^ clkbuf_0_clk/X (sky130_fd_sc_hd__clkbuf_16)
     2    0.00                           clknet_0_clk (net)
                  0.03    0.00    0.16 ^ clkbuf_1_0_0_clk/A (sky130_fd_sc_hd__clkbuf_2)
                  0.11    0.14    0.30 ^ clkbuf_1_0_0_clk/X (sky130_fd_sc_hd__clkbuf_2)
    10    0.02                           clknet_1_0_0_clk (net)
                  0.11    0.00    0.30 ^ _296_/CLK (sky130_fd_sc_hd__dfrtp_2)
                  0.08    0.38    0.67 ^ _296_/Q (sky130_fd_sc_hd__dfrtp_2)
     6    0.01                           datapath_module0.multiplicand[3] (net)
                  0.08    0.00    0.67 ^ _176_/B1 (sky130_fd_sc_hd__a22o_1)
                  0.04    0.11    0.78 ^ _176_/X (sky130_fd_sc_hd__a22o_1)
     1    0.00                           _044_ (net)
                  0.04    0.00    0.78 ^ _297_/D (sky130_fd_sc_hd__dfrtp_2)
                                  0.78   data arrival time

                          0.00    0.00   clock clk (rise edge)
                          0.00    0.00   clock source latency
                  0.07    0.05    0.05 ^ clk (in)
     1    0.01                           clk (net)
                  0.07    0.00    0.05 ^ clkbuf_0_clk/A (sky130_fd_sc_hd__clkbuf_16)
                  0.03    0.13    0.18 ^ clkbuf_0_clk/X (sky130_fd_sc_hd__clkbuf_16)
     2    0.00                           clknet_0_clk (net)
                  0.03    0.00    0.18 ^ clkbuf_1_1_0_clk/A (sky130_fd_sc_hd__clkbuf_2)
                  0.12    0.16    0.33 ^ clkbuf_1_1_0_clk/X (sky130_fd_sc_hd__clkbuf_2)
    11    0.02                           clknet_1_1_0_clk (net)
                  0.12    0.00    0.33 ^ _297_/CLK (sky130_fd_sc_hd__dfrtp_2)
                          0.25    0.58   clock uncertainty
                         -0.02    0.57   clock reconvergence pessimism
                         -0.02    0.55   library hold time
                                  0.55   data required time
-----------------------------------------------------------------------------
                                  0.55   data required time
                                 -0.78   data arrival time
-----------------------------------------------------------------------------
                                  0.24   slack (MET)


