
===========================================================================
 report_check_types -max_slew -max_cap -max_fanout -violators
============================================================================
max slew

Pin                                    Limit    Slew   Slack
------------------------------------------------------------
_12209_/A0                              1.50    2.46   -0.96 (VIOLATED)
_12233_/A0                              1.50    2.46   -0.96 (VIOLATED)
_12225_/A0                              1.50    2.46   -0.96 (VIOLATED)
_12217_/A0                              1.50    2.46   -0.96 (VIOLATED)
_12153_/A0                              1.50    2.46   -0.96 (VIOLATED)
_12161_/A0                              1.50    2.46   -0.96 (VIOLATED)
_12169_/A0                              1.50    2.46   -0.96 (VIOLATED)
_12145_/A0                              1.50    2.46   -0.96 (VIOLATED)
_12185_/A0                              1.50    2.46   -0.96 (VIOLATED)
_12177_/A0                              1.50    2.46   -0.96 (VIOLATED)
_12201_/A0                              1.50    2.46   -0.96 (VIOLATED)
_12113_/A0                              1.50    2.45   -0.95 (VIOLATED)
_12193_/A0                              1.50    2.45   -0.95 (VIOLATED)
_12129_/A0                              1.50    2.45   -0.95 (VIOLATED)
_12121_/A0                              1.50    2.45   -0.95 (VIOLATED)
_12137_/A0                              1.50    2.45   -0.95 (VIOLATED)
_12297_/A0                              1.50    2.45   -0.95 (VIOLATED)
_12273_/A0                              1.50    2.44   -0.94 (VIOLATED)
_12281_/A0                              1.50    2.44   -0.94 (VIOLATED)
_12289_/A0                              1.50    2.44   -0.94 (VIOLATED)
_12241_/A0                              1.50    2.43   -0.93 (VIOLATED)
_12345_/A0                              1.50    2.43   -0.93 (VIOLATED)
_12249_/A0                              1.50    2.43   -0.93 (VIOLATED)
_12257_/A0                              1.50    2.42   -0.92 (VIOLATED)
_12265_/A0                              1.50    2.42   -0.92 (VIOLATED)
_12337_/A0                              1.50    2.42   -0.92 (VIOLATED)
_12353_/A0                              1.50    2.41   -0.91 (VIOLATED)
_12361_/A0                              1.50    2.41   -0.91 (VIOLATED)
_12017_/A0                              1.50    2.41   -0.91 (VIOLATED)
_12025_/A0                              1.50    2.40   -0.90 (VIOLATED)
_12041_/A0                              1.50    2.40   -0.90 (VIOLATED)
_12033_/A0                              1.50    2.39   -0.89 (VIOLATED)
_11993_/A0                              1.50    2.39   -0.89 (VIOLATED)
_11985_/A0                              1.50    2.39   -0.89 (VIOLATED)
_12001_/A0                              1.50    2.38   -0.88 (VIOLATED)
_12009_/A0                              1.50    2.36   -0.86 (VIOLATED)
_12089_/A0                              1.50    2.35   -0.85 (VIOLATED)
_12081_/A0                              1.50    2.35   -0.85 (VIOLATED)
_12105_/A0                              1.50    2.32   -0.82 (VIOLATED)
_11657_/A0                              1.50    2.32   -0.82 (VIOLATED)
_11649_/A0                              1.50    2.32   -0.82 (VIOLATED)
_11633_/A0                              1.50    2.32   -0.82 (VIOLATED)
_12097_/A0                              1.50    2.32   -0.82 (VIOLATED)
_11609_/A0                              1.50    2.30   -0.80 (VIOLATED)
_11601_/A0                              1.50    2.30   -0.80 (VIOLATED)
_11625_/A0                              1.50    2.29   -0.79 (VIOLATED)
_11617_/A0                              1.50    2.28   -0.78 (VIOLATED)
_11705_/A0                              1.50    2.27   -0.77 (VIOLATED)
_11729_/A0                              1.50    2.26   -0.76 (VIOLATED)
_11737_/A0                              1.50    2.26   -0.76 (VIOLATED)
_11745_/A0                              1.50    2.26   -0.76 (VIOLATED)
_11753_/A0                              1.50    2.26   -0.76 (VIOLATED)
_11841_/A0                              1.50    2.26   -0.76 (VIOLATED)
_11849_/A0                              1.50    2.26   -0.76 (VIOLATED)
_11825_/A0                              1.50    2.26   -0.76 (VIOLATED)
_11833_/A0                              1.50    2.26   -0.76 (VIOLATED)
_11673_/A0                              1.50    2.26   -0.76 (VIOLATED)
_11689_/A0                              1.50    2.26   -0.76 (VIOLATED)
_11665_/A0                              1.50    2.26   -0.76 (VIOLATED)
_11697_/A0                              1.50    2.26   -0.76 (VIOLATED)
_11721_/A0                              1.50    2.24   -0.74 (VIOLATED)
_11713_/A0                              1.50    2.23   -0.73 (VIOLATED)
_11889_/A0                              1.50    2.22   -0.72 (VIOLATED)
_11681_/A0                              1.50    2.21   -0.71 (VIOLATED)
_11897_/A0                              1.50    2.21   -0.71 (VIOLATED)
_11905_/A0                              1.50    2.18   -0.68 (VIOLATED)
_11913_/A0                              1.50    2.18   -0.68 (VIOLATED)
_11865_/A0                              1.50    2.18   -0.68 (VIOLATED)
_11857_/A0                              1.50    2.17   -0.67 (VIOLATED)
_11873_/A0                              1.50    2.16   -0.66 (VIOLATED)
_11881_/A0                              1.50    2.14   -0.64 (VIOLATED)
_11961_/A0                              1.50    2.06   -0.56 (VIOLATED)
_11953_/A0                              1.50    2.05   -0.55 (VIOLATED)
_11977_/A0                              1.50    2.04   -0.54 (VIOLATED)
_11537_/A0                              1.50    2.04   -0.54 (VIOLATED)
_10985_/A0                              1.50    2.04   -0.54 (VIOLATED)
_11569_/A0                              1.50    2.04   -0.54 (VIOLATED)
_11969_/A0                              1.50    2.04   -0.54 (VIOLATED)
_11465_/A0                              1.50    2.01   -0.51 (VIOLATED)
_11489_/A0                              1.50    2.01   -0.51 (VIOLATED)
_11417_/A0                              1.50    2.01   -0.51 (VIOLATED)
_11545_/A0                              1.50    2.01   -0.51 (VIOLATED)
_11497_/A0                              1.50    2.01   -0.51 (VIOLATED)
_11401_/A0                              1.50    2.01   -0.51 (VIOLATED)
_11449_/A0                              1.50    2.01   -0.51 (VIOLATED)
_11433_/A0                              1.50    2.00   -0.50 (VIOLATED)
_11513_/A0                              1.50    1.99   -0.49 (VIOLATED)
_11529_/A0                              1.50    1.96   -0.46 (VIOLATED)
_11505_/A0                              1.50    1.96   -0.46 (VIOLATED)
_11521_/A0                              1.50    1.94   -0.44 (VIOLATED)
_11945_/A0                              1.50    1.92   -0.42 (VIOLATED)
_11921_/A0                              1.50    1.91   -0.41 (VIOLATED)
_11929_/A0                              1.50    1.91   -0.41 (VIOLATED)
_11937_/A0                              1.50    1.89   -0.39 (VIOLATED)
_11241_/A0                              1.50    1.86   -0.36 (VIOLATED)
_11817_/A0                              1.50    1.84   -0.34 (VIOLATED)
_11793_/A0                              1.50    1.84   -0.34 (VIOLATED)
_11801_/A0                              1.50    1.83   -0.33 (VIOLATED)
_11177_/A0                              1.50    1.81   -0.31 (VIOLATED)
_11161_/A0                              1.50    1.81   -0.31 (VIOLATED)
_11153_/A0                              1.50    1.81   -0.31 (VIOLATED)
_11185_/A0                              1.50    1.81   -0.31 (VIOLATED)
_11321_/A0                              1.50    1.81   -0.31 (VIOLATED)
_11337_/A0                              1.50    1.81   -0.31 (VIOLATED)
_11353_/A0                              1.50    1.81   -0.31 (VIOLATED)
_11313_/A0                              1.50    1.81   -0.31 (VIOLATED)
_11809_/A0                              1.50    1.80   -0.30 (VIOLATED)
_11233_/A0                              1.50    1.78   -0.28 (VIOLATED)
_11201_/A0                              1.50    1.76   -0.26 (VIOLATED)
_11217_/A0                              1.50    1.72   -0.22 (VIOLATED)
_11089_/A0                              1.50    1.72   -0.22 (VIOLATED)
_11129_/A0                              1.50    1.69   -0.19 (VIOLATED)
_11081_/A0                              1.50    1.67   -0.17 (VIOLATED)
_11073_/A0                              1.50    1.67   -0.17 (VIOLATED)
_11057_/A0                              1.50    1.67   -0.17 (VIOLATED)
_11137_/A0                              1.50    1.64   -0.14 (VIOLATED)
_11499_/A0                              1.50    1.63   -0.13 (VIOLATED)
_11483_/A0                              1.50    1.63   -0.13 (VIOLATED)
_11467_/A0                              1.50    1.63   -0.13 (VIOLATED)
_11491_/A0                              1.50    1.63   -0.13 (VIOLATED)
_11419_/A0                              1.50    1.63   -0.13 (VIOLATED)
_11403_/A0                              1.50    1.63   -0.13 (VIOLATED)
_11451_/A0                              1.50    1.63   -0.13 (VIOLATED)
_11435_/A0                              1.50    1.63   -0.13 (VIOLATED)
_11515_/A0                              1.50    1.62   -0.12 (VIOLATED)
_11507_/A0                              1.50    1.62   -0.12 (VIOLATED)
_11531_/A0                              1.50    1.62   -0.12 (VIOLATED)
_11523_/A0                              1.50    1.62   -0.12 (VIOLATED)
_11923_/A0                              1.50    1.62   -0.12 (VIOLATED)
_11931_/A0                              1.50    1.62   -0.12 (VIOLATED)
_11947_/A0                              1.50    1.62   -0.12 (VIOLATED)
_11939_/A0                              1.50    1.62   -0.12 (VIOLATED)
_11811_/A0                              1.50    1.62   -0.12 (VIOLATED)
_12955_/A0                              1.50    1.62   -0.12 (VIOLATED)
_11355_/A0                              1.50    1.62   -0.12 (VIOLATED)
_11339_/A0                              1.50    1.62   -0.12 (VIOLATED)
_11259_/A0                              1.50    1.62   -0.12 (VIOLATED)
_11283_/A0                              1.50    1.62   -0.12 (VIOLATED)
_11315_/A0                              1.50    1.62   -0.12 (VIOLATED)
_11323_/A0                              1.50    1.62   -0.12 (VIOLATED)
_11179_/A0                              1.50    1.62   -0.12 (VIOLATED)
_11163_/A0                              1.50    1.62   -0.12 (VIOLATED)
_11187_/A0                              1.50    1.61   -0.11 (VIOLATED)
_11243_/A0                              1.50    1.61   -0.11 (VIOLATED)
_11235_/A0                              1.50    1.61   -0.11 (VIOLATED)
_11155_/A0                              1.50    1.61   -0.11 (VIOLATED)
_11203_/A0                              1.50    1.61   -0.11 (VIOLATED)
_11113_/A0                              1.50    1.60   -0.10 (VIOLATED)
_11219_/A0                              1.50    1.60   -0.10 (VIOLATED)
_11107_/A0                              1.50    1.59   -0.09 (VIOLATED)
_11115_/A0                              1.50    1.59   -0.09 (VIOLATED)
_11139_/A0                              1.50    1.59   -0.09 (VIOLATED)
_11131_/A0                              1.50    1.59   -0.09 (VIOLATED)
_10786_/A                               1.50    1.58   -0.08 (VIOLATED)
_11105_/A0                              1.50    1.58   -0.08 (VIOLATED)
_10750_/A                               1.50    1.58   -0.08 (VIOLATED)
_10705_/A                               1.50    1.58   -0.08 (VIOLATED)
_11019_/A0                              1.50    1.58   -0.08 (VIOLATED)
_11481_/A0                              1.50    1.57   -0.07 (VIOLATED)
_11083_/A0                              1.50    1.57   -0.07 (VIOLATED)
_11027_/A0                              1.50    1.57   -0.07 (VIOLATED)
_11051_/A0                              1.50    1.57   -0.07 (VIOLATED)
_11035_/A0                              1.50    1.57   -0.07 (VIOLATED)
_11075_/A0                              1.50    1.57   -0.07 (VIOLATED)
_11043_/A0                              1.50    1.57   -0.07 (VIOLATED)
_10995_/A0                              1.50    1.56   -0.06 (VIOLATED)
_11003_/A0                              1.50    1.56   -0.06 (VIOLATED)
_11011_/A0                              1.50    1.56   -0.06 (VIOLATED)
_11059_/A0                              1.50    1.55   -0.05 (VIOLATED)
_11091_/A0                              1.50    1.54   -0.04 (VIOLATED)
_11307_/A0                              1.50    1.54   -0.04 (VIOLATED)
_11275_/A0                              1.50    1.54   -0.04 (VIOLATED)
_11251_/A0                              1.50    1.54   -0.04 (VIOLATED)
_11291_/A0                              1.50    1.53   -0.03 (VIOLATED)
_11033_/A0                              1.50    1.53   -0.03 (VIOLATED)
_11379_/A0                              1.50    1.52   -0.02 (VIOLATED)
_11041_/A0                              1.50    1.51   -0.01 (VIOLATED)
_11331_/A0                              1.50    1.50   -0.00 (VIOLATED)
_11025_/A0                              1.50    1.50   -0.00 (VIOLATED)


===========================================================================
max slew violation count 179
max fanout violation count 0
max cap violation count 0
============================================================================
