
===========================================================================
report_checks -path_delay min (Hold)
============================================================================
Startpoint: rst (input port clocked by clk)
Endpoint: _15804_ (removal check against rising-edge clock clk)
Path Group: **async_default**
Path Type: min

Fanout     Cap    Slew   Delay    Time   Description
-----------------------------------------------------------------------------
                          0.00    0.00   clock clk (rise edge)
                          0.00    0.00   clock network delay (propagated)
                         20.00   20.00 ^ input external delay
                  0.14    0.08   20.08 ^ rst (in)
     1    0.02                           rst (net)
                  0.14    0.00   20.08 ^ input18/A (sky130_fd_sc_hd__buf_12)
                  0.42    0.25   20.33 ^ input18/X (sky130_fd_sc_hd__buf_12)
    69    0.38                           net18 (net)
                  0.46    0.09   20.42 ^ _15804_/RESET_B (sky130_fd_sc_hd__dfrtp_1)
                                 20.42   data arrival time

                          0.00    0.00   clock clk (rise edge)
                          0.00    0.00   clock source latency
                  0.61    0.47    0.47 ^ clk (in)
     1    0.07                           clk (net)
                  0.61    0.00    0.47 ^ clkbuf_0_clk/A (sky130_fd_sc_hd__clkbuf_16)
                  0.07    0.30    0.76 ^ clkbuf_0_clk/X (sky130_fd_sc_hd__clkbuf_16)
     2    0.03                           clknet_0_clk (net)
                  0.07    0.00    0.77 ^ clkbuf_1_0_0_clk/A (sky130_fd_sc_hd__clkbuf_2)
                  0.23    0.27    1.03 ^ clkbuf_1_0_0_clk/X (sky130_fd_sc_hd__clkbuf_2)
     2    0.04                           clknet_1_0_0_clk (net)
                  0.23    0.00    1.03 ^ clkbuf_2_1_0_clk/A (sky130_fd_sc_hd__clkbuf_2)
                  0.17    0.28    1.31 ^ clkbuf_2_1_0_clk/X (sky130_fd_sc_hd__clkbuf_2)
     2    0.03                           clknet_2_1_0_clk (net)
                  0.17    0.00    1.31 ^ clkbuf_3_2_0_clk/A (sky130_fd_sc_hd__clkbuf_2)
                  0.14    0.23    1.55 ^ clkbuf_3_2_0_clk/X (sky130_fd_sc_hd__clkbuf_2)
     2    0.02                           clknet_3_2_0_clk (net)
                  0.14    0.00    1.55 ^ clkbuf_4_5_0_clk/A (sky130_fd_sc_hd__clkbuf_2)
                  0.10    0.20    1.74 ^ clkbuf_4_5_0_clk/X (sky130_fd_sc_hd__clkbuf_2)
     2    0.02                           clknet_4_5_0_clk (net)
                  0.10    0.00    1.74 ^ clkbuf_5_10_0_clk/A (sky130_fd_sc_hd__clkbuf_2)
                  0.46    0.45    2.20 ^ clkbuf_5_10_0_clk/X (sky130_fd_sc_hd__clkbuf_2)
     7    0.09                           clknet_5_10_0_clk (net)
                  0.46    0.00    2.20 ^ clkbuf_leaf_176_clk/A (sky130_fd_sc_hd__clkbuf_16)
                  0.05    0.26    2.46 ^ clkbuf_leaf_176_clk/X (sky130_fd_sc_hd__clkbuf_16)
     6    0.02                           clknet_leaf_176_clk (net)
                  0.05    0.00    2.46 ^ _15804_/CLK (sky130_fd_sc_hd__dfrtp_1)
                          0.25    2.71   clock uncertainty
                          0.00    2.71   clock reconvergence pessimism
                          0.44    3.15   library removal time
                                  3.15   data required time
-----------------------------------------------------------------------------
                                  3.15   data required time
                                -20.42   data arrival time
-----------------------------------------------------------------------------
                                 17.27   slack (MET)


Startpoint: rst (input port clocked by clk)
Endpoint: _15790_ (removal check against rising-edge clock clk)
Path Group: **async_default**
Path Type: min

Fanout     Cap    Slew   Delay    Time   Description
-----------------------------------------------------------------------------
                          0.00    0.00   clock clk (rise edge)
                          0.00    0.00   clock network delay (propagated)
                         20.00   20.00 ^ input external delay
                  0.14    0.08   20.08 ^ rst (in)
     1    0.02                           rst (net)
                  0.14    0.00   20.08 ^ input18/A (sky130_fd_sc_hd__buf_12)
                  0.42    0.25   20.33 ^ input18/X (sky130_fd_sc_hd__buf_12)
    69    0.38                           net18 (net)
                  0.48    0.11   20.44 ^ _15790_/RESET_B (sky130_fd_sc_hd__dfrtp_1)
                                 20.44   data arrival time

                          0.00    0.00   clock clk (rise edge)
                          0.00    0.00   clock source latency
                  0.61    0.47    0.47 ^ clk (in)
     1    0.07                           clk (net)
                  0.61    0.00    0.47 ^ clkbuf_0_clk/A (sky130_fd_sc_hd__clkbuf_16)
                  0.07    0.30    0.76 ^ clkbuf_0_clk/X (sky130_fd_sc_hd__clkbuf_16)
     2    0.03                           clknet_0_clk (net)
                  0.07    0.00    0.77 ^ clkbuf_1_0_0_clk/A (sky130_fd_sc_hd__clkbuf_2)
                  0.23    0.27    1.03 ^ clkbuf_1_0_0_clk/X (sky130_fd_sc_hd__clkbuf_2)
     2    0.04                           clknet_1_0_0_clk (net)
                  0.23    0.00    1.03 ^ clkbuf_2_1_0_clk/A (sky130_fd_sc_hd__clkbuf_2)
                  0.17    0.28    1.31 ^ clkbuf_2_1_0_clk/X (sky130_fd_sc_hd__clkbuf_2)
     2    0.03                           clknet_2_1_0_clk (net)
                  0.17    0.00    1.31 ^ clkbuf_3_2_0_clk/A (sky130_fd_sc_hd__clkbuf_2)
                  0.14    0.23    1.55 ^ clkbuf_3_2_0_clk/X (sky130_fd_sc_hd__clkbuf_2)
     2    0.02                           clknet_3_2_0_clk (net)
                  0.14    0.00    1.55 ^ clkbuf_4_5_0_clk/A (sky130_fd_sc_hd__clkbuf_2)
                  0.10    0.20    1.74 ^ clkbuf_4_5_0_clk/X (sky130_fd_sc_hd__clkbuf_2)
     2    0.02                           clknet_4_5_0_clk (net)
                  0.10    0.00    1.74 ^ clkbuf_5_10_0_clk/A (sky130_fd_sc_hd__clkbuf_2)
                  0.46    0.45    2.20 ^ clkbuf_5_10_0_clk/X (sky130_fd_sc_hd__clkbuf_2)
     7    0.09                           clknet_5_10_0_clk (net)
                  0.46    0.00    2.20 ^ clkbuf_leaf_175_clk/A (sky130_fd_sc_hd__clkbuf_16)
                  0.06    0.27    2.47 ^ clkbuf_leaf_175_clk/X (sky130_fd_sc_hd__clkbuf_16)
     9    0.03                           clknet_leaf_175_clk (net)
                  0.06    0.00    2.47 ^ _15790_/CLK (sky130_fd_sc_hd__dfrtp_1)
                          0.25    2.72   clock uncertainty
                          0.00    2.72   clock reconvergence pessimism
                          0.44    3.16   library removal time
                                  3.16   data required time
-----------------------------------------------------------------------------
                                  3.16   data required time
                                -20.44   data arrival time
-----------------------------------------------------------------------------
                                 17.27   slack (MET)


Startpoint: rst (input port clocked by clk)
Endpoint: _15789_ (removal check against rising-edge clock clk)
Path Group: **async_default**
Path Type: min

Fanout     Cap    Slew   Delay    Time   Description
-----------------------------------------------------------------------------
                          0.00    0.00   clock clk (rise edge)
                          0.00    0.00   clock network delay (propagated)
                         20.00   20.00 ^ input external delay
                  0.14    0.08   20.08 ^ rst (in)
     1    0.02                           rst (net)
                  0.14    0.00   20.08 ^ input18/A (sky130_fd_sc_hd__buf_12)
                  0.42    0.25   20.33 ^ input18/X (sky130_fd_sc_hd__buf_12)
    69    0.38                           net18 (net)
                  0.48    0.11   20.44 ^ _15789_/RESET_B (sky130_fd_sc_hd__dfrtp_1)
                                 20.44   data arrival time

                          0.00    0.00   clock clk (rise edge)
                          0.00    0.00   clock source latency
                  0.61    0.47    0.47 ^ clk (in)
     1    0.07                           clk (net)
                  0.61    0.00    0.47 ^ clkbuf_0_clk/A (sky130_fd_sc_hd__clkbuf_16)
                  0.07    0.30    0.76 ^ clkbuf_0_clk/X (sky130_fd_sc_hd__clkbuf_16)
     2    0.03                           clknet_0_clk (net)
                  0.07    0.00    0.77 ^ clkbuf_1_0_0_clk/A (sky130_fd_sc_hd__clkbuf_2)
                  0.23    0.27    1.03 ^ clkbuf_1_0_0_clk/X (sky130_fd_sc_hd__clkbuf_2)
     2    0.04                           clknet_1_0_0_clk (net)
                  0.23    0.00    1.03 ^ clkbuf_2_1_0_clk/A (sky130_fd_sc_hd__clkbuf_2)
                  0.17    0.28    1.31 ^ clkbuf_2_1_0_clk/X (sky130_fd_sc_hd__clkbuf_2)
     2    0.03                           clknet_2_1_0_clk (net)
                  0.17    0.00    1.31 ^ clkbuf_3_2_0_clk/A (sky130_fd_sc_hd__clkbuf_2)
                  0.14    0.23    1.55 ^ clkbuf_3_2_0_clk/X (sky130_fd_sc_hd__clkbuf_2)
     2    0.02                           clknet_3_2_0_clk (net)
                  0.14    0.00    1.55 ^ clkbuf_4_5_0_clk/A (sky130_fd_sc_hd__clkbuf_2)
                  0.10    0.20    1.74 ^ clkbuf_4_5_0_clk/X (sky130_fd_sc_hd__clkbuf_2)
     2    0.02                           clknet_4_5_0_clk (net)
                  0.10    0.00    1.74 ^ clkbuf_5_10_0_clk/A (sky130_fd_sc_hd__clkbuf_2)
                  0.46    0.45    2.20 ^ clkbuf_5_10_0_clk/X (sky130_fd_sc_hd__clkbuf_2)
     7    0.09                           clknet_5_10_0_clk (net)
                  0.46    0.00    2.20 ^ clkbuf_leaf_175_clk/A (sky130_fd_sc_hd__clkbuf_16)
                  0.06    0.27    2.47 ^ clkbuf_leaf_175_clk/X (sky130_fd_sc_hd__clkbuf_16)
     9    0.03                           clknet_leaf_175_clk (net)
                  0.06    0.00    2.47 ^ _15789_/CLK (sky130_fd_sc_hd__dfrtp_1)
                          0.25    2.72   clock uncertainty
                          0.00    2.72   clock reconvergence pessimism
                          0.44    3.16   library removal time
                                  3.16   data required time
-----------------------------------------------------------------------------
                                  3.16   data required time
                                -20.44   data arrival time
-----------------------------------------------------------------------------
                                 17.27   slack (MET)


Startpoint: rst (input port clocked by clk)
Endpoint: _15803_ (removal check against rising-edge clock clk)
Path Group: **async_default**
Path Type: min

Fanout     Cap    Slew   Delay    Time   Description
-----------------------------------------------------------------------------
                          0.00    0.00   clock clk (rise edge)
                          0.00    0.00   clock network delay (propagated)
                         20.00   20.00 ^ input external delay
                  0.14    0.08   20.08 ^ rst (in)
     1    0.02                           rst (net)
                  0.14    0.00   20.08 ^ input18/A (sky130_fd_sc_hd__buf_12)
                  0.42    0.25   20.33 ^ input18/X (sky130_fd_sc_hd__buf_12)
    69    0.38                           net18 (net)
                  0.46    0.09   20.42 ^ _15803_/RESET_B (sky130_fd_sc_hd__dfrtp_1)
                                 20.42   data arrival time

                          0.00    0.00   clock clk (rise edge)
                          0.00    0.00   clock source latency
                  0.61    0.47    0.47 ^ clk (in)
     1    0.07                           clk (net)
                  0.61    0.00    0.47 ^ clkbuf_0_clk/A (sky130_fd_sc_hd__clkbuf_16)
                  0.07    0.30    0.76 ^ clkbuf_0_clk/X (sky130_fd_sc_hd__clkbuf_16)
     2    0.03                           clknet_0_clk (net)
                  0.07    0.00    0.77 ^ clkbuf_1_0_0_clk/A (sky130_fd_sc_hd__clkbuf_2)
                  0.23    0.27    1.03 ^ clkbuf_1_0_0_clk/X (sky130_fd_sc_hd__clkbuf_2)
     2    0.04                           clknet_1_0_0_clk (net)
                  0.23    0.00    1.03 ^ clkbuf_2_1_0_clk/A (sky130_fd_sc_hd__clkbuf_2)
                  0.17    0.28    1.31 ^ clkbuf_2_1_0_clk/X (sky130_fd_sc_hd__clkbuf_2)
     2    0.03                           clknet_2_1_0_clk (net)
                  0.17    0.00    1.31 ^ clkbuf_3_2_0_clk/A (sky130_fd_sc_hd__clkbuf_2)
                  0.14    0.23    1.55 ^ clkbuf_3_2_0_clk/X (sky130_fd_sc_hd__clkbuf_2)
     2    0.02                           clknet_3_2_0_clk (net)
                  0.14    0.00    1.55 ^ clkbuf_4_5_0_clk/A (sky130_fd_sc_hd__clkbuf_2)
                  0.10    0.20    1.74 ^ clkbuf_4_5_0_clk/X (sky130_fd_sc_hd__clkbuf_2)
     2    0.02                           clknet_4_5_0_clk (net)
                  0.10    0.00    1.74 ^ clkbuf_5_10_0_clk/A (sky130_fd_sc_hd__clkbuf_2)
                  0.46    0.45    2.20 ^ clkbuf_5_10_0_clk/X (sky130_fd_sc_hd__clkbuf_2)
     7    0.09                           clknet_5_10_0_clk (net)
                  0.46    0.00    2.20 ^ clkbuf_leaf_176_clk/A (sky130_fd_sc_hd__clkbuf_16)
                  0.05    0.26    2.46 ^ clkbuf_leaf_176_clk/X (sky130_fd_sc_hd__clkbuf_16)
     6    0.02                           clknet_leaf_176_clk (net)
                  0.05    0.00    2.46 ^ _15803_/CLK (sky130_fd_sc_hd__dfrtp_1)
                          0.25    2.71   clock uncertainty
                          0.00    2.71   clock reconvergence pessimism
                          0.44    3.15   library removal time
                                  3.15   data required time
-----------------------------------------------------------------------------
                                  3.15   data required time
                                -20.42   data arrival time
-----------------------------------------------------------------------------
                                 17.27   slack (MET)


Startpoint: rst (input port clocked by clk)
Endpoint: _15788_ (removal check against rising-edge clock clk)
Path Group: **async_default**
Path Type: min

Fanout     Cap    Slew   Delay    Time   Description
-----------------------------------------------------------------------------
                          0.00    0.00   clock clk (rise edge)
                          0.00    0.00   clock network delay (propagated)
                         20.00   20.00 ^ input external delay
                  0.14    0.08   20.08 ^ rst (in)
     1    0.02                           rst (net)
                  0.14    0.00   20.08 ^ input18/A (sky130_fd_sc_hd__buf_12)
                  0.42    0.25   20.33 ^ input18/X (sky130_fd_sc_hd__buf_12)
    69    0.38                           net18 (net)
                  0.48    0.11   20.44 ^ _15788_/RESET_B (sky130_fd_sc_hd__dfrtp_1)
                                 20.44   data arrival time

                          0.00    0.00   clock clk (rise edge)
                          0.00    0.00   clock source latency
                  0.61    0.47    0.47 ^ clk (in)
     1    0.07                           clk (net)
                  0.61    0.00    0.47 ^ clkbuf_0_clk/A (sky130_fd_sc_hd__clkbuf_16)
                  0.07    0.30    0.76 ^ clkbuf_0_clk/X (sky130_fd_sc_hd__clkbuf_16)
     2    0.03                           clknet_0_clk (net)
                  0.07    0.00    0.77 ^ clkbuf_1_0_0_clk/A (sky130_fd_sc_hd__clkbuf_2)
                  0.23    0.27    1.03 ^ clkbuf_1_0_0_clk/X (sky130_fd_sc_hd__clkbuf_2)
     2    0.04                           clknet_1_0_0_clk (net)
                  0.23    0.00    1.03 ^ clkbuf_2_1_0_clk/A (sky130_fd_sc_hd__clkbuf_2)
                  0.17    0.28    1.31 ^ clkbuf_2_1_0_clk/X (sky130_fd_sc_hd__clkbuf_2)
     2    0.03                           clknet_2_1_0_clk (net)
                  0.17    0.00    1.31 ^ clkbuf_3_2_0_clk/A (sky130_fd_sc_hd__clkbuf_2)
                  0.14    0.23    1.55 ^ clkbuf_3_2_0_clk/X (sky130_fd_sc_hd__clkbuf_2)
     2    0.02                           clknet_3_2_0_clk (net)
                  0.14    0.00    1.55 ^ clkbuf_4_5_0_clk/A (sky130_fd_sc_hd__clkbuf_2)
                  0.10    0.20    1.74 ^ clkbuf_4_5_0_clk/X (sky130_fd_sc_hd__clkbuf_2)
     2    0.02                           clknet_4_5_0_clk (net)
                  0.10    0.00    1.74 ^ clkbuf_5_10_0_clk/A (sky130_fd_sc_hd__clkbuf_2)
                  0.46    0.45    2.20 ^ clkbuf_5_10_0_clk/X (sky130_fd_sc_hd__clkbuf_2)
     7    0.09                           clknet_5_10_0_clk (net)
                  0.46    0.00    2.20 ^ clkbuf_leaf_175_clk/A (sky130_fd_sc_hd__clkbuf_16)
                  0.06    0.27    2.47 ^ clkbuf_leaf_175_clk/X (sky130_fd_sc_hd__clkbuf_16)
     9    0.03                           clknet_leaf_175_clk (net)
                  0.06    0.00    2.47 ^ _15788_/CLK (sky130_fd_sc_hd__dfrtp_1)
                          0.25    2.72   clock uncertainty
                          0.00    2.72   clock reconvergence pessimism
                          0.44    3.16   library removal time
                                  3.16   data required time
-----------------------------------------------------------------------------
                                  3.16   data required time
                                -20.44   data arrival time
-----------------------------------------------------------------------------
                                 17.27   slack (MET)


Startpoint: _15658_ (rising edge-triggered flip-flop clocked by clk)
Endpoint: _15658_ (rising edge-triggered flip-flop clocked by clk)
Path Group: clk
Path Type: min

Fanout     Cap    Slew   Delay    Time   Description
-----------------------------------------------------------------------------
                          0.00    0.00   clock clk (rise edge)
                          0.00    0.00   clock source latency
                  0.61    0.38    0.38 ^ clk (in)
     1    0.07                           clk (net)
                  0.61    0.00    0.38 ^ clkbuf_0_clk/A (sky130_fd_sc_hd__clkbuf_16)
                  0.07    0.24    0.63 ^ clkbuf_0_clk/X (sky130_fd_sc_hd__clkbuf_16)
     2    0.03                           clknet_0_clk (net)
                  0.07    0.00    0.63 ^ clkbuf_1_1_0_clk/A (sky130_fd_sc_hd__clkbuf_2)
                  0.22    0.21    0.83 ^ clkbuf_1_1_0_clk/X (sky130_fd_sc_hd__clkbuf_2)
     2    0.04                           clknet_1_1_0_clk (net)
                  0.22    0.00    0.84 ^ clkbuf_2_2_0_clk/A (sky130_fd_sc_hd__clkbuf_2)
                  0.16    0.21    1.05 ^ clkbuf_2_2_0_clk/X (sky130_fd_sc_hd__clkbuf_2)
     2    0.03                           clknet_2_2_0_clk (net)
                  0.16    0.00    1.05 ^ clkbuf_3_5_0_clk/A (sky130_fd_sc_hd__clkbuf_2)
                  0.13    0.18    1.23 ^ clkbuf_3_5_0_clk/X (sky130_fd_sc_hd__clkbuf_2)
     2    0.02                           clknet_3_5_0_clk (net)
                  0.13    0.00    1.24 ^ clkbuf_4_11_0_clk/A (sky130_fd_sc_hd__clkbuf_2)
                  0.08    0.14    1.38 ^ clkbuf_4_11_0_clk/X (sky130_fd_sc_hd__clkbuf_2)
     2    0.01                           clknet_4_11_0_clk (net)
                  0.08    0.00    1.38 ^ clkbuf_5_23_0_clk/A (sky130_fd_sc_hd__clkbuf_2)
                  0.57    0.43    1.81 ^ clkbuf_5_23_0_clk/X (sky130_fd_sc_hd__clkbuf_2)
     8    0.11                           clknet_5_23_0_clk (net)
                  0.57    0.00    1.81 ^ clkbuf_leaf_70_clk/A (sky130_fd_sc_hd__clkbuf_16)
                  0.05    0.22    2.04 ^ clkbuf_leaf_70_clk/X (sky130_fd_sc_hd__clkbuf_16)
     4    0.02                           clknet_leaf_70_clk (net)
                  0.05    0.00    2.04 ^ _15658_/CLK (sky130_fd_sc_hd__dfxtp_1)
                  0.06    0.28    2.32 ^ _15658_/Q (sky130_fd_sc_hd__dfxtp_1)
     2    0.00                           M2_MEM.memory[223][4] (net)
                  0.06    0.00    2.32 ^ _07299_/A1 (sky130_fd_sc_hd__o22a_1)
                  0.04    0.12    2.44 ^ _07299_/X (sky130_fd_sc_hd__o22a_1)
     1    0.00                           _05029_ (net)
                  0.04    0.00    2.44 ^ _15658_/D (sky130_fd_sc_hd__dfxtp_1)
                                  2.44   data arrival time

                          0.00    0.00   clock clk (rise edge)
                          0.00    0.00   clock source latency
                  0.61    0.47    0.47 ^ clk (in)
     1    0.07                           clk (net)
                  0.61    0.00    0.47 ^ clkbuf_0_clk/A (sky130_fd_sc_hd__clkbuf_16)
                  0.07    0.30    0.76 ^ clkbuf_0_clk/X (sky130_fd_sc_hd__clkbuf_16)
     2    0.03                           clknet_0_clk (net)
                  0.07    0.00    0.77 ^ clkbuf_1_1_0_clk/A (sky130_fd_sc_hd__clkbuf_2)
                  0.22    0.25    1.02 ^ clkbuf_1_1_0_clk/X (sky130_fd_sc_hd__clkbuf_2)
     2    0.04                           clknet_1_1_0_clk (net)
                  0.22    0.01    1.02 ^ clkbuf_2_2_0_clk/A (sky130_fd_sc_hd__clkbuf_2)
                  0.16    0.26    1.28 ^ clkbuf_2_2_0_clk/X (sky130_fd_sc_hd__clkbuf_2)
     2    0.03                           clknet_2_2_0_clk (net)
                  0.16    0.00    1.29 ^ clkbuf_3_5_0_clk/A (sky130_fd_sc_hd__clkbuf_2)
                  0.13    0.22    1.51 ^ clkbuf_3_5_0_clk/X (sky130_fd_sc_hd__clkbuf_2)
     2    0.02                           clknet_3_5_0_clk (net)
                  0.13    0.00    1.51 ^ clkbuf_4_11_0_clk/A (sky130_fd_sc_hd__clkbuf_2)
                  0.08    0.18    1.69 ^ clkbuf_4_11_0_clk/X (sky130_fd_sc_hd__clkbuf_2)
     2    0.01                           clknet_4_11_0_clk (net)
                  0.08    0.00    1.69 ^ clkbuf_5_23_0_clk/A (sky130_fd_sc_hd__clkbuf_2)
                  0.57    0.52    2.21 ^ clkbuf_5_23_0_clk/X (sky130_fd_sc_hd__clkbuf_2)
     8    0.11                           clknet_5_23_0_clk (net)
                  0.57    0.01    2.22 ^ clkbuf_leaf_70_clk/A (sky130_fd_sc_hd__clkbuf_16)
                  0.05    0.27    2.49 ^ clkbuf_leaf_70_clk/X (sky130_fd_sc_hd__clkbuf_16)
     4    0.02                           clknet_leaf_70_clk (net)
                  0.05    0.00    2.49 ^ _15658_/CLK (sky130_fd_sc_hd__dfxtp_1)
                          0.25    2.74   clock uncertainty
                         -0.45    2.29   clock reconvergence pessimism
                         -0.03    2.26   library hold time
                                  2.26   data required time
-----------------------------------------------------------------------------
                                  2.26   data required time
                                 -2.44   data arrival time
-----------------------------------------------------------------------------
                                  0.18   slack (MET)


Startpoint: _15547_ (rising edge-triggered flip-flop clocked by clk)
Endpoint: _15547_ (rising edge-triggered flip-flop clocked by clk)
Path Group: clk
Path Type: min

Fanout     Cap    Slew   Delay    Time   Description
-----------------------------------------------------------------------------
                          0.00    0.00   clock clk (rise edge)
                          0.00    0.00   clock source latency
                  0.61    0.38    0.38 ^ clk (in)
     1    0.07                           clk (net)
                  0.61    0.00    0.38 ^ clkbuf_0_clk/A (sky130_fd_sc_hd__clkbuf_16)
                  0.07    0.24    0.63 ^ clkbuf_0_clk/X (sky130_fd_sc_hd__clkbuf_16)
     2    0.03                           clknet_0_clk (net)
                  0.07    0.00    0.63 ^ clkbuf_1_1_0_clk/A (sky130_fd_sc_hd__clkbuf_2)
                  0.22    0.21    0.83 ^ clkbuf_1_1_0_clk/X (sky130_fd_sc_hd__clkbuf_2)
     2    0.04                           clknet_1_1_0_clk (net)
                  0.22    0.00    0.84 ^ clkbuf_2_3_0_clk/A (sky130_fd_sc_hd__clkbuf_2)
                  0.15    0.21    1.05 ^ clkbuf_2_3_0_clk/X (sky130_fd_sc_hd__clkbuf_2)
     2    0.03                           clknet_2_3_0_clk (net)
                  0.15    0.00    1.05 ^ clkbuf_3_7_0_clk/A (sky130_fd_sc_hd__clkbuf_2)
                  0.13    0.18    1.23 ^ clkbuf_3_7_0_clk/X (sky130_fd_sc_hd__clkbuf_2)
     2    0.02                           clknet_3_7_0_clk (net)
                  0.13    0.00    1.23 ^ clkbuf_4_14_0_clk/A (sky130_fd_sc_hd__clkbuf_2)
                  0.09    0.15    1.38 ^ clkbuf_4_14_0_clk/X (sky130_fd_sc_hd__clkbuf_2)
     2    0.01                           clknet_4_14_0_clk (net)
                  0.09    0.00    1.38 ^ clkbuf_5_28_0_clk/A (sky130_fd_sc_hd__clkbuf_2)
                  0.49    0.39    1.77 ^ clkbuf_5_28_0_clk/X (sky130_fd_sc_hd__clkbuf_2)
     7    0.09                           clknet_5_28_0_clk (net)
                  0.49    0.00    1.77 ^ clkbuf_leaf_99_clk/A (sky130_fd_sc_hd__clkbuf_16)
                  0.05    0.22    1.99 ^ clkbuf_leaf_99_clk/X (sky130_fd_sc_hd__clkbuf_16)
     6    0.02                           clknet_leaf_99_clk (net)
                  0.05    0.00    1.99 ^ _15547_/CLK (sky130_fd_sc_hd__dfxtp_1)
                  0.06    0.28    2.27 ^ _15547_/Q (sky130_fd_sc_hd__dfxtp_1)
     2    0.00                           M2_MEM.memory[233][5] (net)
                  0.06    0.00    2.27 ^ _07525_/A1 (sky130_fd_sc_hd__o22a_1)
                  0.04    0.12    2.39 ^ _07525_/X (sky130_fd_sc_hd__o22a_1)
     1    0.00                           _04918_ (net)
                  0.04    0.00    2.39 ^ _15547_/D (sky130_fd_sc_hd__dfxtp_1)
                                  2.39   data arrival time

                          0.00    0.00   clock clk (rise edge)
                          0.00    0.00   clock source latency
                  0.61    0.47    0.47 ^ clk (in)
     1    0.07                           clk (net)
                  0.61    0.00    0.47 ^ clkbuf_0_clk/A (sky130_fd_sc_hd__clkbuf_16)
                  0.07    0.30    0.76 ^ clkbuf_0_clk/X (sky130_fd_sc_hd__clkbuf_16)
     2    0.03                           clknet_0_clk (net)
                  0.07    0.00    0.77 ^ clkbuf_1_1_0_clk/A (sky130_fd_sc_hd__clkbuf_2)
                  0.22    0.25    1.02 ^ clkbuf_1_1_0_clk/X (sky130_fd_sc_hd__clkbuf_2)
     2    0.04                           clknet_1_1_0_clk (net)
                  0.22    0.00    1.02 ^ clkbuf_2_3_0_clk/A (sky130_fd_sc_hd__clkbuf_2)
                  0.15    0.26    1.28 ^ clkbuf_2_3_0_clk/X (sky130_fd_sc_hd__clkbuf_2)
     2    0.03                           clknet_2_3_0_clk (net)
                  0.15    0.00    1.28 ^ clkbuf_3_7_0_clk/A (sky130_fd_sc_hd__clkbuf_2)
                  0.13    0.22    1.51 ^ clkbuf_3_7_0_clk/X (sky130_fd_sc_hd__clkbuf_2)
     2    0.02                           clknet_3_7_0_clk (net)
                  0.13    0.00    1.51 ^ clkbuf_4_14_0_clk/A (sky130_fd_sc_hd__clkbuf_2)
                  0.09    0.18    1.69 ^ clkbuf_4_14_0_clk/X (sky130_fd_sc_hd__clkbuf_2)
     2    0.01                           clknet_4_14_0_clk (net)
                  0.09    0.00    1.69 ^ clkbuf_5_28_0_clk/A (sky130_fd_sc_hd__clkbuf_2)
                  0.49    0.47    2.16 ^ clkbuf_5_28_0_clk/X (sky130_fd_sc_hd__clkbuf_2)
     7    0.09                           clknet_5_28_0_clk (net)
                  0.49    0.00    2.17 ^ clkbuf_leaf_99_clk/A (sky130_fd_sc_hd__clkbuf_16)
                  0.05    0.27    2.43 ^ clkbuf_leaf_99_clk/X (sky130_fd_sc_hd__clkbuf_16)
     6    0.02                           clknet_leaf_99_clk (net)
                  0.05    0.00    2.43 ^ _15547_/CLK (sky130_fd_sc_hd__dfxtp_1)
                          0.25    2.68   clock uncertainty
                         -0.44    2.24   clock reconvergence pessimism
                         -0.03    2.21   library hold time
                                  2.21   data required time
-----------------------------------------------------------------------------
                                  2.21   data required time
                                 -2.39   data arrival time
-----------------------------------------------------------------------------
                                  0.18   slack (MET)


Startpoint: _15613_ (rising edge-triggered flip-flop clocked by clk)
Endpoint: _15613_ (rising edge-triggered flip-flop clocked by clk)
Path Group: clk
Path Type: min

Fanout     Cap    Slew   Delay    Time   Description
-----------------------------------------------------------------------------
                          0.00    0.00   clock clk (rise edge)
                          0.00    0.00   clock source latency
                  0.61    0.38    0.38 ^ clk (in)
     1    0.07                           clk (net)
                  0.61    0.00    0.38 ^ clkbuf_0_clk/A (sky130_fd_sc_hd__clkbuf_16)
                  0.07    0.24    0.63 ^ clkbuf_0_clk/X (sky130_fd_sc_hd__clkbuf_16)
     2    0.03                           clknet_0_clk (net)
                  0.07    0.00    0.63 ^ clkbuf_1_1_0_clk/A (sky130_fd_sc_hd__clkbuf_2)
                  0.22    0.21    0.83 ^ clkbuf_1_1_0_clk/X (sky130_fd_sc_hd__clkbuf_2)
     2    0.04                           clknet_1_1_0_clk (net)
                  0.22    0.00    0.84 ^ clkbuf_2_2_0_clk/A (sky130_fd_sc_hd__clkbuf_2)
                  0.16    0.21    1.05 ^ clkbuf_2_2_0_clk/X (sky130_fd_sc_hd__clkbuf_2)
     2    0.03                           clknet_2_2_0_clk (net)
                  0.16    0.00    1.05 ^ clkbuf_3_5_0_clk/A (sky130_fd_sc_hd__clkbuf_2)
                  0.13    0.18    1.23 ^ clkbuf_3_5_0_clk/X (sky130_fd_sc_hd__clkbuf_2)
     2    0.02                           clknet_3_5_0_clk (net)
                  0.13    0.00    1.24 ^ clkbuf_4_10_0_clk/A (sky130_fd_sc_hd__clkbuf_2)
                  0.07    0.14    1.37 ^ clkbuf_4_10_0_clk/X (sky130_fd_sc_hd__clkbuf_2)
     2    0.01                           clknet_4_10_0_clk (net)
                  0.07    0.00    1.37 ^ clkbuf_5_21_0_clk/A (sky130_fd_sc_hd__clkbuf_2)
                  0.54    0.41    1.78 ^ clkbuf_5_21_0_clk/X (sky130_fd_sc_hd__clkbuf_2)
     8    0.10                           clknet_5_21_0_clk (net)
                  0.54    0.00    1.78 ^ clkbuf_leaf_63_clk/A (sky130_fd_sc_hd__clkbuf_16)
                  0.05    0.22    2.00 ^ clkbuf_leaf_63_clk/X (sky130_fd_sc_hd__clkbuf_16)
     6    0.02                           clknet_leaf_63_clk (net)
                  0.05    0.00    2.00 ^ _15613_/CLK (sky130_fd_sc_hd__dfxtp_1)
                  0.06    0.28    2.29 ^ _15613_/Q (sky130_fd_sc_hd__dfxtp_1)
     2    0.00                           M2_MEM.memory[25][7] (net)
                  0.06    0.00    2.29 ^ _07399_/A1 (sky130_fd_sc_hd__o22a_1)
                  0.04    0.12    2.40 ^ _07399_/X (sky130_fd_sc_hd__o22a_1)
     1    0.00                           _04984_ (net)
                  0.04    0.00    2.40 ^ _15613_/D (sky130_fd_sc_hd__dfxtp_1)
                                  2.40   data arrival time

                          0.00    0.00   clock clk (rise edge)
                          0.00    0.00   clock source latency
                  0.61    0.47    0.47 ^ clk (in)
     1    0.07                           clk (net)
                  0.61    0.00    0.47 ^ clkbuf_0_clk/A (sky130_fd_sc_hd__clkbuf_16)
                  0.07    0.30    0.76 ^ clkbuf_0_clk/X (sky130_fd_sc_hd__clkbuf_16)
     2    0.03                           clknet_0_clk (net)
                  0.07    0.00    0.77 ^ clkbuf_1_1_0_clk/A (sky130_fd_sc_hd__clkbuf_2)
                  0.22    0.25    1.02 ^ clkbuf_1_1_0_clk/X (sky130_fd_sc_hd__clkbuf_2)
     2    0.04                           clknet_1_1_0_clk (net)
                  0.22    0.01    1.02 ^ clkbuf_2_2_0_clk/A (sky130_fd_sc_hd__clkbuf_2)
                  0.16    0.26    1.28 ^ clkbuf_2_2_0_clk/X (sky130_fd_sc_hd__clkbuf_2)
     2    0.03                           clknet_2_2_0_clk (net)
                  0.16    0.00    1.29 ^ clkbuf_3_5_0_clk/A (sky130_fd_sc_hd__clkbuf_2)
                  0.13    0.22    1.51 ^ clkbuf_3_5_0_clk/X (sky130_fd_sc_hd__clkbuf_2)
     2    0.02                           clknet_3_5_0_clk (net)
                  0.13    0.00    1.51 ^ clkbuf_4_10_0_clk/A (sky130_fd_sc_hd__clkbuf_2)
                  0.07    0.17    1.68 ^ clkbuf_4_10_0_clk/X (sky130_fd_sc_hd__clkbuf_2)
     2    0.01                           clknet_4_10_0_clk (net)
                  0.07    0.00    1.68 ^ clkbuf_5_21_0_clk/A (sky130_fd_sc_hd__clkbuf_2)
                  0.54    0.50    2.17 ^ clkbuf_5_21_0_clk/X (sky130_fd_sc_hd__clkbuf_2)
     8    0.10                           clknet_5_21_0_clk (net)
                  0.54    0.00    2.18 ^ clkbuf_leaf_63_clk/A (sky130_fd_sc_hd__clkbuf_16)
                  0.05    0.27    2.45 ^ clkbuf_leaf_63_clk/X (sky130_fd_sc_hd__clkbuf_16)
     6    0.02                           clknet_leaf_63_clk (net)
                  0.05    0.00    2.45 ^ _15613_/CLK (sky130_fd_sc_hd__dfxtp_1)
                          0.25    2.70   clock uncertainty
                         -0.44    2.25   clock reconvergence pessimism
                         -0.03    2.22   library hold time
                                  2.22   data required time
-----------------------------------------------------------------------------
                                  2.22   data required time
                                 -2.40   data arrival time
-----------------------------------------------------------------------------
                                  0.18   slack (MET)


Startpoint: _14481_ (rising edge-triggered flip-flop clocked by clk)
Endpoint: _14481_ (rising edge-triggered flip-flop clocked by clk)
Path Group: clk
Path Type: min

Fanout     Cap    Slew   Delay    Time   Description
-----------------------------------------------------------------------------
                          0.00    0.00   clock clk (rise edge)
                          0.00    0.00   clock source latency
                  0.61    0.38    0.38 ^ clk (in)
     1    0.07                           clk (net)
                  0.61    0.00    0.38 ^ clkbuf_0_clk/A (sky130_fd_sc_hd__clkbuf_16)
                  0.07    0.24    0.63 ^ clkbuf_0_clk/X (sky130_fd_sc_hd__clkbuf_16)
     2    0.03                           clknet_0_clk (net)
                  0.07    0.00    0.63 ^ clkbuf_1_1_0_clk/A (sky130_fd_sc_hd__clkbuf_2)
                  0.22    0.21    0.83 ^ clkbuf_1_1_0_clk/X (sky130_fd_sc_hd__clkbuf_2)
     2    0.04                           clknet_1_1_0_clk (net)
                  0.22    0.00    0.84 ^ clkbuf_2_3_0_clk/A (sky130_fd_sc_hd__clkbuf_2)
                  0.15    0.21    1.05 ^ clkbuf_2_3_0_clk/X (sky130_fd_sc_hd__clkbuf_2)
     2    0.03                           clknet_2_3_0_clk (net)
                  0.15    0.00    1.05 ^ clkbuf_3_6_0_clk/A (sky130_fd_sc_hd__clkbuf_2)
                  0.14    0.19    1.23 ^ clkbuf_3_6_0_clk/X (sky130_fd_sc_hd__clkbuf_2)
     2    0.02                           clknet_3_6_0_clk (net)
                  0.14    0.00    1.24 ^ clkbuf_4_13_0_clk/A (sky130_fd_sc_hd__clkbuf_2)
                  0.11    0.17    1.40 ^ clkbuf_4_13_0_clk/X (sky130_fd_sc_hd__clkbuf_2)
     2    0.02                           clknet_4_13_0_clk (net)
                  0.11    0.00    1.40 ^ clkbuf_5_27_0_clk/A (sky130_fd_sc_hd__clkbuf_2)
                  0.51    0.40    1.81 ^ clkbuf_5_27_0_clk/X (sky130_fd_sc_hd__clkbuf_2)
     7    0.10                           clknet_5_27_0_clk (net)
                  0.51    0.01    1.81 ^ clkbuf_leaf_129_clk/A (sky130_fd_sc_hd__clkbuf_16)
                  0.06    0.23    2.04 ^ clkbuf_leaf_129_clk/X (sky130_fd_sc_hd__clkbuf_16)
     7    0.03                           clknet_leaf_129_clk (net)
                  0.06    0.00    2.04 ^ _14481_/CLK (sky130_fd_sc_hd__dfxtp_1)
                  0.06    0.29    2.33 ^ _14481_/Q (sky130_fd_sc_hd__dfxtp_1)
     2    0.00                           M2_MEM.memory[173][3] (net)
                  0.06    0.00    2.33 ^ _09299_/A1 (sky130_fd_sc_hd__o22a_1)
                  0.04    0.12    2.44 ^ _09299_/X (sky130_fd_sc_hd__o22a_1)
     1    0.00                           _03852_ (net)
                  0.04    0.00    2.44 ^ _14481_/D (sky130_fd_sc_hd__dfxtp_1)
                                  2.44   data arrival time

                          0.00    0.00   clock clk (rise edge)
                          0.00    0.00   clock source latency
                  0.61    0.47    0.47 ^ clk (in)
     1    0.07                           clk (net)
                  0.61    0.00    0.47 ^ clkbuf_0_clk/A (sky130_fd_sc_hd__clkbuf_16)
                  0.07    0.30    0.76 ^ clkbuf_0_clk/X (sky130_fd_sc_hd__clkbuf_16)
     2    0.03                           clknet_0_clk (net)
                  0.07    0.00    0.77 ^ clkbuf_1_1_0_clk/A (sky130_fd_sc_hd__clkbuf_2)
                  0.22    0.25    1.02 ^ clkbuf_1_1_0_clk/X (sky130_fd_sc_hd__clkbuf_2)
     2    0.04                           clknet_1_1_0_clk (net)
                  0.22    0.00    1.02 ^ clkbuf_2_3_0_clk/A (sky130_fd_sc_hd__clkbuf_2)
                  0.15    0.26    1.28 ^ clkbuf_2_3_0_clk/X (sky130_fd_sc_hd__clkbuf_2)
     2    0.03                           clknet_2_3_0_clk (net)
                  0.15    0.00    1.28 ^ clkbuf_3_6_0_clk/A (sky130_fd_sc_hd__clkbuf_2)
                  0.14    0.23    1.51 ^ clkbuf_3_6_0_clk/X (sky130_fd_sc_hd__clkbuf_2)
     2    0.02                           clknet_3_6_0_clk (net)
                  0.14    0.00    1.51 ^ clkbuf_4_13_0_clk/A (sky130_fd_sc_hd__clkbuf_2)
                  0.11    0.20    1.71 ^ clkbuf_4_13_0_clk/X (sky130_fd_sc_hd__clkbuf_2)
     2    0.02                           clknet_4_13_0_clk (net)
                  0.11    0.00    1.71 ^ clkbuf_5_27_0_clk/A (sky130_fd_sc_hd__clkbuf_2)
                  0.51    0.49    2.21 ^ clkbuf_5_27_0_clk/X (sky130_fd_sc_hd__clkbuf_2)
     7    0.10                           clknet_5_27_0_clk (net)
                  0.51    0.01    2.22 ^ clkbuf_leaf_129_clk/A (sky130_fd_sc_hd__clkbuf_16)
                  0.06    0.28    2.49 ^ clkbuf_leaf_129_clk/X (sky130_fd_sc_hd__clkbuf_16)
     7    0.03                           clknet_leaf_129_clk (net)
                  0.06    0.00    2.49 ^ _14481_/CLK (sky130_fd_sc_hd__dfxtp_1)
                          0.25    2.74   clock uncertainty
                         -0.45    2.29   clock reconvergence pessimism
                         -0.03    2.26   library hold time
                                  2.26   data required time
-----------------------------------------------------------------------------
                                  2.26   data required time
                                 -2.44   data arrival time
-----------------------------------------------------------------------------
                                  0.18   slack (MET)


Startpoint: _15202_ (rising edge-triggered flip-flop clocked by clk)
Endpoint: _15202_ (rising edge-triggered flip-flop clocked by clk)
Path Group: clk
Path Type: min

Fanout     Cap    Slew   Delay    Time   Description
-----------------------------------------------------------------------------
                          0.00    0.00   clock clk (rise edge)
                          0.00    0.00   clock source latency
                  0.61    0.38    0.38 ^ clk (in)
     1    0.07                           clk (net)
                  0.61    0.00    0.38 ^ clkbuf_0_clk/A (sky130_fd_sc_hd__clkbuf_16)
                  0.07    0.24    0.63 ^ clkbuf_0_clk/X (sky130_fd_sc_hd__clkbuf_16)
     2    0.03                           clknet_0_clk (net)
                  0.07    0.00    0.63 ^ clkbuf_1_1_0_clk/A (sky130_fd_sc_hd__clkbuf_2)
                  0.22    0.21    0.83 ^ clkbuf_1_1_0_clk/X (sky130_fd_sc_hd__clkbuf_2)
     2    0.04                           clknet_1_1_0_clk (net)
                  0.22    0.00    0.84 ^ clkbuf_2_3_0_clk/A (sky130_fd_sc_hd__clkbuf_2)
                  0.15    0.21    1.05 ^ clkbuf_2_3_0_clk/X (sky130_fd_sc_hd__clkbuf_2)
     2    0.03                           clknet_2_3_0_clk (net)
                  0.15    0.00    1.05 ^ clkbuf_3_6_0_clk/A (sky130_fd_sc_hd__clkbuf_2)
                  0.14    0.19    1.23 ^ clkbuf_3_6_0_clk/X (sky130_fd_sc_hd__clkbuf_2)
     2    0.02                           clknet_3_6_0_clk (net)
                  0.14    0.00    1.24 ^ clkbuf_4_12_0_clk/A (sky130_fd_sc_hd__clkbuf_2)
                  0.09    0.15    1.39 ^ clkbuf_4_12_0_clk/X (sky130_fd_sc_hd__clkbuf_2)
     2    0.01                           clknet_4_12_0_clk (net)
                  0.09    0.00    1.39 ^ clkbuf_5_25_0_clk/A (sky130_fd_sc_hd__clkbuf_2)
                  0.45    0.36    1.74 ^ clkbuf_5_25_0_clk/X (sky130_fd_sc_hd__clkbuf_2)
     6    0.08                           clknet_5_25_0_clk (net)
                  0.45    0.00    1.74 ^ clkbuf_leaf_91_clk/A (sky130_fd_sc_hd__clkbuf_16)
                  0.06    0.22    1.96 ^ clkbuf_leaf_91_clk/X (sky130_fd_sc_hd__clkbuf_16)
     8    0.03                           clknet_leaf_91_clk (net)
                  0.06    0.00    1.96 ^ _15202_/CLK (sky130_fd_sc_hd__dfxtp_1)
                  0.06    0.29    2.25 ^ _15202_/Q (sky130_fd_sc_hd__dfxtp_1)
     2    0.00                           M2_MEM.memory[237][4] (net)
                  0.06    0.00    2.25 ^ _08147_/A1 (sky130_fd_sc_hd__o22a_1)
                  0.04    0.12    2.37 ^ _08147_/X (sky130_fd_sc_hd__o22a_1)
     1    0.00                           _04573_ (net)
                  0.04    0.00    2.37 ^ _15202_/D (sky130_fd_sc_hd__dfxtp_1)
                                  2.37   data arrival time

                          0.00    0.00   clock clk (rise edge)
                          0.00    0.00   clock source latency
                  0.61    0.47    0.47 ^ clk (in)
     1    0.07                           clk (net)
                  0.61    0.00    0.47 ^ clkbuf_0_clk/A (sky130_fd_sc_hd__clkbuf_16)
                  0.07    0.30    0.76 ^ clkbuf_0_clk/X (sky130_fd_sc_hd__clkbuf_16)
     2    0.03                           clknet_0_clk (net)
                  0.07    0.00    0.77 ^ clkbuf_1_1_0_clk/A (sky130_fd_sc_hd__clkbuf_2)
                  0.22    0.25    1.02 ^ clkbuf_1_1_0_clk/X (sky130_fd_sc_hd__clkbuf_2)
     2    0.04                           clknet_1_1_0_clk (net)
                  0.22    0.00    1.02 ^ clkbuf_2_3_0_clk/A (sky130_fd_sc_hd__clkbuf_2)
                  0.15    0.26    1.28 ^ clkbuf_2_3_0_clk/X (sky130_fd_sc_hd__clkbuf_2)
     2    0.03                           clknet_2_3_0_clk (net)
                  0.15    0.00    1.28 ^ clkbuf_3_6_0_clk/A (sky130_fd_sc_hd__clkbuf_2)
                  0.14    0.23    1.51 ^ clkbuf_3_6_0_clk/X (sky130_fd_sc_hd__clkbuf_2)
     2    0.02                           clknet_3_6_0_clk (net)
                  0.14    0.00    1.51 ^ clkbuf_4_12_0_clk/A (sky130_fd_sc_hd__clkbuf_2)
                  0.09    0.18    1.69 ^ clkbuf_4_12_0_clk/X (sky130_fd_sc_hd__clkbuf_2)
     2    0.01                           clknet_4_12_0_clk (net)
                  0.09    0.00    1.69 ^ clkbuf_5_25_0_clk/A (sky130_fd_sc_hd__clkbuf_2)
                  0.45    0.44    2.13 ^ clkbuf_5_25_0_clk/X (sky130_fd_sc_hd__clkbuf_2)
     6    0.08                           clknet_5_25_0_clk (net)
                  0.45    0.00    2.13 ^ clkbuf_leaf_91_clk/A (sky130_fd_sc_hd__clkbuf_16)
                  0.06    0.26    2.40 ^ clkbuf_leaf_91_clk/X (sky130_fd_sc_hd__clkbuf_16)
     8    0.03                           clknet_leaf_91_clk (net)
                  0.06    0.00    2.40 ^ _15202_/CLK (sky130_fd_sc_hd__dfxtp_1)
                          0.25    2.65   clock uncertainty
                         -0.44    2.21   clock reconvergence pessimism
                         -0.03    2.18   library hold time
                                  2.18   data required time
-----------------------------------------------------------------------------
                                  2.18   data required time
                                 -2.37   data arrival time
-----------------------------------------------------------------------------
                                  0.18   slack (MET)


