
===========================================================================
report_checks -path_delay min (Hold)
============================================================================
Startpoint: reset (input port clocked by clk)
Endpoint: _303_ (removal check against rising-edge clock clk)
Path Group: **async_default**
Path Type: min

Fanout     Cap    Slew   Delay    Time   Description
-----------------------------------------------------------------------------
                  0.15    0.00    0.00   clock clk (rise edge)
                          0.00    0.00   clock network delay (ideal)
                         20.00   20.00 v input external delay
                  0.01    0.01   20.01 v reset (in)
     1    0.00                           reset (net)
                  0.01    0.00   20.01 v input1/A (sky130_fd_sc_hd__buf_2)
                  0.04    0.11   20.12 v input1/X (sky130_fd_sc_hd__buf_2)
     2    0.01                           net1 (net)
                  0.04    0.00   20.12 v _141_/A (sky130_fd_sc_hd__inv_2)
                  0.04    0.05   20.17 ^ _141_/Y (sky130_fd_sc_hd__inv_2)
     4    0.01                           _130_ (net)
                  0.04    0.00   20.17 ^ _153_/A (sky130_fd_sc_hd__dlymetal6s2s_1)
                  0.13    0.14   20.31 ^ _153_/X (sky130_fd_sc_hd__dlymetal6s2s_1)
     5    0.01                           _139_ (net)
                  0.13    0.00   20.31 ^ _154_/A (sky130_fd_sc_hd__clkbuf_2)
                  0.08    0.15   20.46 ^ _154_/X (sky130_fd_sc_hd__clkbuf_2)
     5    0.01                           _030_ (net)
                  0.08    0.00   20.46 ^ _303_/RESET_B (sky130_fd_sc_hd__dfrtp_1)
                                 20.46   data arrival time

                  0.15    0.00    0.00   clock clk (rise edge)
                          0.00    0.00   clock network delay (ideal)
                          0.25    0.25   clock uncertainty
                          0.00    0.25   clock reconvergence pessimism
                                  0.25 ^ _303_/CLK (sky130_fd_sc_hd__dfrtp_1)
                          0.36    0.61   library removal time
                                  0.61   data required time
-----------------------------------------------------------------------------
                                  0.61   data required time
                                -20.46   data arrival time
-----------------------------------------------------------------------------
                                 19.85   slack (MET)


Startpoint: reset (input port clocked by clk)
Endpoint: _304_ (removal check against rising-edge clock clk)
Path Group: **async_default**
Path Type: min

Fanout     Cap    Slew   Delay    Time   Description
-----------------------------------------------------------------------------
                  0.15    0.00    0.00   clock clk (rise edge)
                          0.00    0.00   clock network delay (ideal)
                         20.00   20.00 v input external delay
                  0.01    0.01   20.01 v reset (in)
     1    0.00                           reset (net)
                  0.01    0.00   20.01 v input1/A (sky130_fd_sc_hd__buf_2)
                  0.04    0.11   20.12 v input1/X (sky130_fd_sc_hd__buf_2)
     2    0.01                           net1 (net)
                  0.04    0.00   20.12 v _141_/A (sky130_fd_sc_hd__inv_2)
                  0.04    0.05   20.17 ^ _141_/Y (sky130_fd_sc_hd__inv_2)
     4    0.01                           _130_ (net)
                  0.04    0.00   20.17 ^ _153_/A (sky130_fd_sc_hd__dlymetal6s2s_1)
                  0.13    0.14   20.31 ^ _153_/X (sky130_fd_sc_hd__dlymetal6s2s_1)
     5    0.01                           _139_ (net)
                  0.13    0.00   20.31 ^ _274_/A (sky130_fd_sc_hd__clkbuf_1)
                  0.04    0.09   20.40 ^ _274_/X (sky130_fd_sc_hd__clkbuf_1)
     1    0.00                           _129_ (net)
                  0.04    0.00   20.40 ^ _275_/A (sky130_fd_sc_hd__clkbuf_1)
                  0.06    0.08   20.48 ^ _275_/X (sky130_fd_sc_hd__clkbuf_1)
     1    0.00                           _031_ (net)
                  0.06    0.00   20.48 ^ _304_/RESET_B (sky130_fd_sc_hd__dfrtp_1)
                                 20.48   data arrival time

                  0.15    0.00    0.00   clock clk (rise edge)
                          0.00    0.00   clock network delay (ideal)
                          0.25    0.25   clock uncertainty
                          0.00    0.25   clock reconvergence pessimism
                                  0.25 ^ _304_/CLK (sky130_fd_sc_hd__dfrtp_1)
                          0.35    0.60   library removal time
                                  0.60   data required time
-----------------------------------------------------------------------------
                                  0.60   data required time
                                -20.48   data arrival time
-----------------------------------------------------------------------------
                                 19.88   slack (MET)


Startpoint: reset (input port clocked by clk)
Endpoint: _284_ (removal check against rising-edge clock clk)
Path Group: **async_default**
Path Type: min

Fanout     Cap    Slew   Delay    Time   Description
-----------------------------------------------------------------------------
                  0.15    0.00    0.00   clock clk (rise edge)
                          0.00    0.00   clock network delay (ideal)
                         20.00   20.00 v input external delay
                  0.01    0.01   20.01 v reset (in)
     1    0.00                           reset (net)
                  0.01    0.00   20.01 v input1/A (sky130_fd_sc_hd__buf_2)
                  0.04    0.11   20.12 v input1/X (sky130_fd_sc_hd__buf_2)
     2    0.01                           net1 (net)
                  0.04    0.00   20.12 v _141_/A (sky130_fd_sc_hd__inv_2)
                  0.04    0.05   20.17 ^ _141_/Y (sky130_fd_sc_hd__inv_2)
     4    0.01                           _130_ (net)
                  0.04    0.00   20.17 ^ _153_/A (sky130_fd_sc_hd__dlymetal6s2s_1)
                  0.13    0.14   20.31 ^ _153_/X (sky130_fd_sc_hd__dlymetal6s2s_1)
     5    0.01                           _139_ (net)
                  0.13    0.00   20.31 ^ _247_/A (sky130_fd_sc_hd__clkbuf_2)
                  0.07    0.15   20.45 ^ _247_/X (sky130_fd_sc_hd__clkbuf_2)
     5    0.01                           _114_ (net)
                  0.07    0.00   20.45 ^ _267_/A (sky130_fd_sc_hd__clkbuf_1)
                  0.04    0.08   20.53 ^ _267_/X (sky130_fd_sc_hd__clkbuf_1)
     1    0.00                           _126_ (net)
                  0.04    0.00   20.53 ^ _268_/A (sky130_fd_sc_hd__clkbuf_1)
                  0.06    0.08   20.61 ^ _268_/X (sky130_fd_sc_hd__clkbuf_1)
     1    0.00                           _011_ (net)
                  0.06    0.00   20.61 ^ _284_/RESET_B (sky130_fd_sc_hd__dfrtp_4)
                                 20.61   data arrival time

                  0.15    0.00    0.00   clock clk (rise edge)
                          0.00    0.00   clock network delay (ideal)
                          0.25    0.25   clock uncertainty
                          0.00    0.25   clock reconvergence pessimism
                                  0.25 ^ _284_/CLK (sky130_fd_sc_hd__dfrtp_4)
                          0.35    0.60   library removal time
                                  0.60   data required time
-----------------------------------------------------------------------------
                                  0.60   data required time
                                -20.61   data arrival time
-----------------------------------------------------------------------------
                                 20.01   slack (MET)


Startpoint: reset (input port clocked by clk)
Endpoint: _285_ (removal check against rising-edge clock clk)
Path Group: **async_default**
Path Type: min

Fanout     Cap    Slew   Delay    Time   Description
-----------------------------------------------------------------------------
                  0.15    0.00    0.00   clock clk (rise edge)
                          0.00    0.00   clock network delay (ideal)
                         20.00   20.00 v input external delay
                  0.01    0.01   20.01 v reset (in)
     1    0.00                           reset (net)
                  0.01    0.00   20.01 v input1/A (sky130_fd_sc_hd__buf_2)
                  0.04    0.11   20.12 v input1/X (sky130_fd_sc_hd__buf_2)
     2    0.01                           net1 (net)
                  0.04    0.00   20.12 v _141_/A (sky130_fd_sc_hd__inv_2)
                  0.04    0.05   20.17 ^ _141_/Y (sky130_fd_sc_hd__inv_2)
     4    0.01                           _130_ (net)
                  0.04    0.00   20.17 ^ _153_/A (sky130_fd_sc_hd__dlymetal6s2s_1)
                  0.13    0.14   20.31 ^ _153_/X (sky130_fd_sc_hd__dlymetal6s2s_1)
     5    0.01                           _139_ (net)
                  0.13    0.00   20.31 ^ _247_/A (sky130_fd_sc_hd__clkbuf_2)
                  0.07    0.15   20.45 ^ _247_/X (sky130_fd_sc_hd__clkbuf_2)
     5    0.01                           _114_ (net)
                  0.07    0.00   20.45 ^ _263_/A (sky130_fd_sc_hd__clkbuf_1)
                  0.04    0.08   20.53 ^ _263_/X (sky130_fd_sc_hd__clkbuf_1)
     1    0.00                           _124_ (net)
                  0.04    0.00   20.53 ^ _264_/A (sky130_fd_sc_hd__clkbuf_1)
                  0.06    0.08   20.61 ^ _264_/X (sky130_fd_sc_hd__clkbuf_1)
     1    0.00                           _012_ (net)
                  0.06    0.00   20.61 ^ _285_/RESET_B (sky130_fd_sc_hd__dfrtp_4)
                                 20.61   data arrival time

                  0.15    0.00    0.00   clock clk (rise edge)
                          0.00    0.00   clock network delay (ideal)
                          0.25    0.25   clock uncertainty
                          0.00    0.25   clock reconvergence pessimism
                                  0.25 ^ _285_/CLK (sky130_fd_sc_hd__dfrtp_4)
                          0.35    0.60   library removal time
                                  0.60   data required time
-----------------------------------------------------------------------------
                                  0.60   data required time
                                -20.61   data arrival time
-----------------------------------------------------------------------------
                                 20.01   slack (MET)


Startpoint: reset (input port clocked by clk)
Endpoint: _286_ (removal check against rising-edge clock clk)
Path Group: **async_default**
Path Type: min

Fanout     Cap    Slew   Delay    Time   Description
-----------------------------------------------------------------------------
                  0.15    0.00    0.00   clock clk (rise edge)
                          0.00    0.00   clock network delay (ideal)
                         20.00   20.00 v input external delay
                  0.01    0.01   20.01 v reset (in)
     1    0.00                           reset (net)
                  0.01    0.00   20.01 v input1/A (sky130_fd_sc_hd__buf_2)
                  0.04    0.11   20.12 v input1/X (sky130_fd_sc_hd__buf_2)
     2    0.01                           net1 (net)
                  0.04    0.00   20.12 v _141_/A (sky130_fd_sc_hd__inv_2)
                  0.04    0.05   20.17 ^ _141_/Y (sky130_fd_sc_hd__inv_2)
     4    0.01                           _130_ (net)
                  0.04    0.00   20.17 ^ _153_/A (sky130_fd_sc_hd__dlymetal6s2s_1)
                  0.13    0.14   20.31 ^ _153_/X (sky130_fd_sc_hd__dlymetal6s2s_1)
     5    0.01                           _139_ (net)
                  0.13    0.00   20.31 ^ _247_/A (sky130_fd_sc_hd__clkbuf_2)
                  0.07    0.15   20.45 ^ _247_/X (sky130_fd_sc_hd__clkbuf_2)
     5    0.01                           _114_ (net)
                  0.07    0.00   20.45 ^ _259_/A (sky130_fd_sc_hd__clkbuf_1)
                  0.04    0.08   20.53 ^ _259_/X (sky130_fd_sc_hd__clkbuf_1)
     1    0.00                           _122_ (net)
                  0.04    0.00   20.53 ^ _260_/A (sky130_fd_sc_hd__clkbuf_1)
                  0.06    0.08   20.61 ^ _260_/X (sky130_fd_sc_hd__clkbuf_1)
     1    0.00                           _013_ (net)
                  0.06    0.00   20.61 ^ _286_/RESET_B (sky130_fd_sc_hd__dfrtp_4)
                                 20.61   data arrival time

                  0.15    0.00    0.00   clock clk (rise edge)
                          0.00    0.00   clock network delay (ideal)
                          0.25    0.25   clock uncertainty
                          0.00    0.25   clock reconvergence pessimism
                                  0.25 ^ _286_/CLK (sky130_fd_sc_hd__dfrtp_4)
                          0.35    0.60   library removal time
                                  0.60   data required time
-----------------------------------------------------------------------------
                                  0.60   data required time
                                -20.61   data arrival time
-----------------------------------------------------------------------------
                                 20.01   slack (MET)


Startpoint: _302_ (rising edge-triggered flip-flop clocked by clk)
Endpoint: _302_ (rising edge-triggered flip-flop clocked by clk)
Path Group: clk
Path Type: min

Fanout     Cap    Slew   Delay    Time   Description
-----------------------------------------------------------------------------
                  0.15    0.00    0.00   clock clk (rise edge)
                          0.00    0.00   clock network delay (ideal)
                  0.15    0.00    0.00 ^ _302_/CLK (sky130_fd_sc_hd__dfrtp_1)
                  0.07    0.35    0.35 ^ _302_/Q (sky130_fd_sc_hd__dfrtp_1)
     3    0.01                           datapath_module0.multiplier[1] (net)
                  0.07    0.00    0.35 ^ _160_/B1 (sky130_fd_sc_hd__a22o_1)
                  0.04    0.11    0.46 ^ _160_/X (sky130_fd_sc_hd__a22o_1)
     1    0.00                           _049_ (net)
                  0.04    0.00    0.46 ^ _302_/D (sky130_fd_sc_hd__dfrtp_1)
                                  0.46   data arrival time

                  0.15    0.00    0.00   clock clk (rise edge)
                          0.00    0.00   clock network delay (ideal)
                          0.25    0.25   clock uncertainty
                          0.00    0.25   clock reconvergence pessimism
                                  0.25 ^ _302_/CLK (sky130_fd_sc_hd__dfrtp_1)
                         -0.02    0.23   library hold time
                                  0.23   data required time
-----------------------------------------------------------------------------
                                  0.23   data required time
                                 -0.46   data arrival time
-----------------------------------------------------------------------------
                                  0.23   slack (MET)


Startpoint: _303_ (rising edge-triggered flip-flop clocked by clk)
Endpoint: _303_ (rising edge-triggered flip-flop clocked by clk)
Path Group: clk
Path Type: min

Fanout     Cap    Slew   Delay    Time   Description
-----------------------------------------------------------------------------
                  0.15    0.00    0.00   clock clk (rise edge)
                          0.00    0.00   clock network delay (ideal)
                  0.15    0.00    0.00 ^ _303_/CLK (sky130_fd_sc_hd__dfrtp_1)
                  0.07    0.36    0.36 ^ _303_/Q (sky130_fd_sc_hd__dfrtp_1)
     3    0.01                           datapath_module0.multiplier[2] (net)
                  0.07    0.00    0.36 ^ _157_/B1 (sky130_fd_sc_hd__a22o_1)
                  0.04    0.11    0.46 ^ _157_/X (sky130_fd_sc_hd__a22o_1)
     1    0.00                           _050_ (net)
                  0.04    0.00    0.46 ^ _303_/D (sky130_fd_sc_hd__dfrtp_1)
                                  0.46   data arrival time

                  0.15    0.00    0.00   clock clk (rise edge)
                          0.00    0.00   clock network delay (ideal)
                          0.25    0.25   clock uncertainty
                          0.00    0.25   clock reconvergence pessimism
                                  0.25 ^ _303_/CLK (sky130_fd_sc_hd__dfrtp_1)
                         -0.02    0.23   library hold time
                                  0.23   data required time
-----------------------------------------------------------------------------
                                  0.23   data required time
                                 -0.46   data arrival time
-----------------------------------------------------------------------------
                                  0.23   slack (MET)


Startpoint: _301_ (rising edge-triggered flip-flop clocked by clk)
Endpoint: _301_ (rising edge-triggered flip-flop clocked by clk)
Path Group: clk
Path Type: min

Fanout     Cap    Slew   Delay    Time   Description
-----------------------------------------------------------------------------
                  0.15    0.00    0.00   clock clk (rise edge)
                          0.00    0.00   clock network delay (ideal)
                  0.15    0.00    0.00 ^ _301_/CLK (sky130_fd_sc_hd__dfrtp_1)
                  0.07    0.36    0.36 ^ _301_/Q (sky130_fd_sc_hd__dfrtp_1)
     3    0.01                           control_module0.m0 (net)
                  0.07    0.00    0.36 ^ _163_/B1 (sky130_fd_sc_hd__a22o_1)
                  0.04    0.11    0.46 ^ _163_/X (sky130_fd_sc_hd__a22o_1)
     1    0.00                           _048_ (net)
                  0.04    0.00    0.46 ^ _301_/D (sky130_fd_sc_hd__dfrtp_1)
                                  0.46   data arrival time

                  0.15    0.00    0.00   clock clk (rise edge)
                          0.00    0.00   clock network delay (ideal)
                          0.25    0.25   clock uncertainty
                          0.00    0.25   clock reconvergence pessimism
                                  0.25 ^ _301_/CLK (sky130_fd_sc_hd__dfrtp_1)
                         -0.02    0.23   library hold time
                                  0.23   data required time
-----------------------------------------------------------------------------
                                  0.23   data required time
                                 -0.46   data arrival time
-----------------------------------------------------------------------------
                                  0.23   slack (MET)


Startpoint: _304_ (rising edge-triggered flip-flop clocked by clk)
Endpoint: _304_ (rising edge-triggered flip-flop clocked by clk)
Path Group: clk
Path Type: min

Fanout     Cap    Slew   Delay    Time   Description
-----------------------------------------------------------------------------
                  0.15    0.00    0.00   clock clk (rise edge)
                          0.00    0.00   clock network delay (ideal)
                  0.15    0.00    0.00 ^ _304_/CLK (sky130_fd_sc_hd__dfrtp_1)
                  0.07    0.35    0.35 ^ _304_/Q (sky130_fd_sc_hd__dfrtp_1)
     3    0.01                           datapath_module0.multiplier[3] (net)
                  0.07    0.00    0.35 ^ _152_/A1 (sky130_fd_sc_hd__a22o_1)
                  0.04    0.12    0.47 ^ _152_/X (sky130_fd_sc_hd__a22o_1)
     1    0.00                           _051_ (net)
                  0.04    0.00    0.47 ^ _304_/D (sky130_fd_sc_hd__dfrtp_1)
                                  0.47   data arrival time

                  0.15    0.00    0.00   clock clk (rise edge)
                          0.00    0.00   clock network delay (ideal)
                          0.25    0.25   clock uncertainty
                          0.00    0.25   clock reconvergence pessimism
                                  0.25 ^ _304_/CLK (sky130_fd_sc_hd__dfrtp_1)
                         -0.02    0.23   library hold time
                                  0.23   data required time
-----------------------------------------------------------------------------
                                  0.23   data required time
                                 -0.47   data arrival time
-----------------------------------------------------------------------------
                                  0.24   slack (MET)


Startpoint: _296_ (rising edge-triggered flip-flop clocked by clk)
Endpoint: _297_ (rising edge-triggered flip-flop clocked by clk)
Path Group: clk
Path Type: min

Fanout     Cap    Slew   Delay    Time   Description
-----------------------------------------------------------------------------
                  0.15    0.00    0.00   clock clk (rise edge)
                          0.00    0.00   clock network delay (ideal)
                  0.15    0.00    0.00 ^ _296_/CLK (sky130_fd_sc_hd__dfrtp_2)
                  0.08    0.39    0.39 ^ _296_/Q (sky130_fd_sc_hd__dfrtp_2)
     6    0.01                           datapath_module0.multiplicand[3] (net)
                  0.08    0.00    0.39 ^ _176_/B1 (sky130_fd_sc_hd__a22o_1)
                  0.04    0.11    0.50 ^ _176_/X (sky130_fd_sc_hd__a22o_1)
     1    0.00                           _044_ (net)
                  0.04    0.00    0.50 ^ _297_/D (sky130_fd_sc_hd__dfrtp_2)
                                  0.50   data arrival time

                  0.15    0.00    0.00   clock clk (rise edge)
                          0.00    0.00   clock network delay (ideal)
                          0.25    0.25   clock uncertainty
                          0.00    0.25   clock reconvergence pessimism
                                  0.25 ^ _297_/CLK (sky130_fd_sc_hd__dfrtp_2)
                         -0.02    0.23   library hold time
                                  0.23   data required time
-----------------------------------------------------------------------------
                                  0.23   data required time
                                 -0.50   data arrival time
-----------------------------------------------------------------------------
                                  0.27   slack (MET)


