
===========================================================================
report_checks -path_delay min (Hold)
============================================================================
Startpoint: reset (input port clocked by clk)
Endpoint: _303_ (removal check against rising-edge clock clk)
Path Group: **async_default**
Path Type: min

Fanout     Cap    Slew   Delay    Time   Description
-----------------------------------------------------------------------------
                          0.00    0.00   clock clk (rise edge)
                          0.00    0.00   clock network delay (propagated)
                         20.00   20.00 v input external delay
                  0.01    0.01   20.01 v reset (in)
     1    0.00                           reset (net)
                  0.01    0.00   20.01 v input1/A (sky130_fd_sc_hd__buf_2)
                  0.04    0.11   20.12 v input1/X (sky130_fd_sc_hd__buf_2)
     2    0.01                           net1 (net)
                  0.04    0.00   20.12 v _141_/A (sky130_fd_sc_hd__inv_2)
                  0.04    0.05   20.17 ^ _141_/Y (sky130_fd_sc_hd__inv_2)
     4    0.01                           _130_ (net)
                  0.04    0.00   20.17 ^ _153_/A (sky130_fd_sc_hd__dlymetal6s2s_1)
                  0.13    0.14   20.31 ^ _153_/X (sky130_fd_sc_hd__dlymetal6s2s_1)
     5    0.01                           _139_ (net)
                  0.13    0.00   20.31 ^ _154_/A (sky130_fd_sc_hd__clkbuf_2)
                  0.08    0.15   20.46 ^ _154_/X (sky130_fd_sc_hd__clkbuf_2)
     5    0.01                           _030_ (net)
                  0.08    0.00   20.46 ^ _303_/RESET_B (sky130_fd_sc_hd__dfrtp_1)
                                 20.46   data arrival time

                          0.00    0.00   clock clk (rise edge)
                          0.00    0.00   clock source latency
                  0.07    0.05    0.05 ^ clk (in)
     1    0.01                           clk (net)
                  0.07    0.00    0.05 ^ clkbuf_0_clk/A (sky130_fd_sc_hd__clkbuf_16)
                  0.03    0.13    0.18 ^ clkbuf_0_clk/X (sky130_fd_sc_hd__clkbuf_16)
     2    0.00                           clknet_0_clk (net)
                  0.03    0.00    0.18 ^ clkbuf_1_0_0_clk/A (sky130_fd_sc_hd__clkbuf_2)
                  0.13    0.17    0.34 ^ clkbuf_1_0_0_clk/X (sky130_fd_sc_hd__clkbuf_2)
    12    0.02                           clknet_1_0_0_clk (net)
                  0.13    0.00    0.34 ^ _303_/CLK (sky130_fd_sc_hd__dfrtp_1)
                          0.25    0.59   clock uncertainty
                          0.00    0.59   clock reconvergence pessimism
                          0.35    0.94   library removal time
                                  0.94   data required time
-----------------------------------------------------------------------------
                                  0.94   data required time
                                -20.46   data arrival time
-----------------------------------------------------------------------------
                                 19.52   slack (MET)


Startpoint: reset (input port clocked by clk)
Endpoint: _304_ (removal check against rising-edge clock clk)
Path Group: **async_default**
Path Type: min

Fanout     Cap    Slew   Delay    Time   Description
-----------------------------------------------------------------------------
                          0.00    0.00   clock clk (rise edge)
                          0.00    0.00   clock network delay (propagated)
                         20.00   20.00 v input external delay
                  0.01    0.01   20.01 v reset (in)
     1    0.00                           reset (net)
                  0.01    0.00   20.01 v input1/A (sky130_fd_sc_hd__buf_2)
                  0.04    0.11   20.12 v input1/X (sky130_fd_sc_hd__buf_2)
     2    0.01                           net1 (net)
                  0.04    0.00   20.12 v _141_/A (sky130_fd_sc_hd__inv_2)
                  0.04    0.05   20.17 ^ _141_/Y (sky130_fd_sc_hd__inv_2)
     4    0.01                           _130_ (net)
                  0.04    0.00   20.17 ^ _153_/A (sky130_fd_sc_hd__dlymetal6s2s_1)
                  0.13    0.14   20.31 ^ _153_/X (sky130_fd_sc_hd__dlymetal6s2s_1)
     5    0.01                           _139_ (net)
                  0.13    0.00   20.31 ^ _274_/A (sky130_fd_sc_hd__clkbuf_1)
                  0.04    0.09   20.40 ^ _274_/X (sky130_fd_sc_hd__clkbuf_1)
     1    0.00                           _129_ (net)
                  0.04    0.00   20.40 ^ _275_/A (sky130_fd_sc_hd__clkbuf_1)
                  0.06    0.08   20.48 ^ _275_/X (sky130_fd_sc_hd__clkbuf_1)
     1    0.00                           _031_ (net)
                  0.06    0.00   20.48 ^ _304_/RESET_B (sky130_fd_sc_hd__dfrtp_1)
                                 20.48   data arrival time

                          0.00    0.00   clock clk (rise edge)
                          0.00    0.00   clock source latency
                  0.07    0.05    0.05 ^ clk (in)
     1    0.01                           clk (net)
                  0.07    0.00    0.05 ^ clkbuf_0_clk/A (sky130_fd_sc_hd__clkbuf_16)
                  0.03    0.13    0.18 ^ clkbuf_0_clk/X (sky130_fd_sc_hd__clkbuf_16)
     2    0.00                           clknet_0_clk (net)
                  0.03    0.00    0.18 ^ clkbuf_1_0_0_clk/A (sky130_fd_sc_hd__clkbuf_2)
                  0.13    0.17    0.34 ^ clkbuf_1_0_0_clk/X (sky130_fd_sc_hd__clkbuf_2)
    12    0.02                           clknet_1_0_0_clk (net)
                  0.13    0.00    0.34 ^ _304_/CLK (sky130_fd_sc_hd__dfrtp_1)
                          0.25    0.59   clock uncertainty
                          0.00    0.59   clock reconvergence pessimism
                          0.35    0.94   library removal time
                                  0.94   data required time
-----------------------------------------------------------------------------
                                  0.94   data required time
                                -20.48   data arrival time
-----------------------------------------------------------------------------
                                 19.55   slack (MET)


Startpoint: reset (input port clocked by clk)
Endpoint: _284_ (removal check against rising-edge clock clk)
Path Group: **async_default**
Path Type: min

Fanout     Cap    Slew   Delay    Time   Description
-----------------------------------------------------------------------------
                          0.00    0.00   clock clk (rise edge)
                          0.00    0.00   clock network delay (propagated)
                         20.00   20.00 v input external delay
                  0.01    0.01   20.01 v reset (in)
     1    0.00                           reset (net)
                  0.01    0.00   20.01 v input1/A (sky130_fd_sc_hd__buf_2)
                  0.04    0.11   20.12 v input1/X (sky130_fd_sc_hd__buf_2)
     2    0.01                           net1 (net)
                  0.04    0.00   20.12 v _141_/A (sky130_fd_sc_hd__inv_2)
                  0.04    0.05   20.17 ^ _141_/Y (sky130_fd_sc_hd__inv_2)
     4    0.01                           _130_ (net)
                  0.04    0.00   20.17 ^ _153_/A (sky130_fd_sc_hd__dlymetal6s2s_1)
                  0.13    0.14   20.31 ^ _153_/X (sky130_fd_sc_hd__dlymetal6s2s_1)
     5    0.01                           _139_ (net)
                  0.13    0.00   20.31 ^ _247_/A (sky130_fd_sc_hd__clkbuf_2)
                  0.07    0.15   20.45 ^ _247_/X (sky130_fd_sc_hd__clkbuf_2)
     5    0.01                           _114_ (net)
                  0.07    0.00   20.45 ^ _267_/A (sky130_fd_sc_hd__clkbuf_1)
                  0.04    0.08   20.53 ^ _267_/X (sky130_fd_sc_hd__clkbuf_1)
     1    0.00                           _126_ (net)
                  0.04    0.00   20.53 ^ _268_/A (sky130_fd_sc_hd__clkbuf_1)
                  0.06    0.08   20.61 ^ _268_/X (sky130_fd_sc_hd__clkbuf_1)
     1    0.00                           _011_ (net)
                  0.06    0.00   20.61 ^ _284_/RESET_B (sky130_fd_sc_hd__dfrtp_4)
                                 20.61   data arrival time

                          0.00    0.00   clock clk (rise edge)
                          0.00    0.00   clock source latency
                  0.07    0.05    0.05 ^ clk (in)
     1    0.01                           clk (net)
                  0.07    0.00    0.05 ^ clkbuf_0_clk/A (sky130_fd_sc_hd__clkbuf_16)
                  0.03    0.13    0.18 ^ clkbuf_0_clk/X (sky130_fd_sc_hd__clkbuf_16)
     2    0.00                           clknet_0_clk (net)
                  0.03    0.00    0.18 ^ clkbuf_1_0_0_clk/A (sky130_fd_sc_hd__clkbuf_2)
                  0.13    0.17    0.34 ^ clkbuf_1_0_0_clk/X (sky130_fd_sc_hd__clkbuf_2)
    12    0.02                           clknet_1_0_0_clk (net)
                  0.13    0.00    0.34 ^ _284_/CLK (sky130_fd_sc_hd__dfrtp_4)
                          0.25    0.59   clock uncertainty
                          0.00    0.59   clock reconvergence pessimism
                          0.35    0.94   library removal time
                                  0.94   data required time
-----------------------------------------------------------------------------
                                  0.94   data required time
                                -20.61   data arrival time
-----------------------------------------------------------------------------
                                 19.68   slack (MET)


Startpoint: reset (input port clocked by clk)
Endpoint: _291_ (removal check against rising-edge clock clk)
Path Group: **async_default**
Path Type: min

Fanout     Cap    Slew   Delay    Time   Description
-----------------------------------------------------------------------------
                          0.00    0.00   clock clk (rise edge)
                          0.00    0.00   clock network delay (propagated)
                         20.00   20.00 v input external delay
                  0.01    0.01   20.01 v reset (in)
     1    0.00                           reset (net)
                  0.01    0.00   20.01 v input1/A (sky130_fd_sc_hd__buf_2)
                  0.04    0.11   20.12 v input1/X (sky130_fd_sc_hd__buf_2)
     2    0.01                           net1 (net)
                  0.04    0.00   20.12 v _141_/A (sky130_fd_sc_hd__inv_2)
                  0.04    0.05   20.17 ^ _141_/Y (sky130_fd_sc_hd__inv_2)
     4    0.01                           _130_ (net)
                  0.04    0.00   20.17 ^ _153_/A (sky130_fd_sc_hd__dlymetal6s2s_1)
                  0.13    0.14   20.31 ^ _153_/X (sky130_fd_sc_hd__dlymetal6s2s_1)
     5    0.01                           _139_ (net)
                  0.13    0.00   20.31 ^ _186_/A (sky130_fd_sc_hd__clkbuf_2)
                  0.07    0.15   20.45 ^ _186_/X (sky130_fd_sc_hd__clkbuf_2)
     5    0.01                           _063_ (net)
                  0.07    0.00   20.45 ^ _229_/A (sky130_fd_sc_hd__clkbuf_1)
                  0.04    0.08   20.53 ^ _229_/X (sky130_fd_sc_hd__clkbuf_1)
     1    0.00                           _102_ (net)
                  0.04    0.00   20.53 ^ _230_/A (sky130_fd_sc_hd__clkbuf_1)
                  0.06    0.08   20.61 ^ _230_/X (sky130_fd_sc_hd__clkbuf_1)
     1    0.00                           _018_ (net)
                  0.06    0.00   20.61 ^ _291_/RESET_B (sky130_fd_sc_hd__dfrtp_4)
                                 20.61   data arrival time

                          0.00    0.00   clock clk (rise edge)
                          0.00    0.00   clock source latency
                  0.07    0.05    0.05 ^ clk (in)
     1    0.01                           clk (net)
                  0.07    0.00    0.05 ^ clkbuf_0_clk/A (sky130_fd_sc_hd__clkbuf_16)
                  0.03    0.13    0.18 ^ clkbuf_0_clk/X (sky130_fd_sc_hd__clkbuf_16)
     2    0.00                           clknet_0_clk (net)
                  0.03    0.00    0.18 ^ clkbuf_1_0_0_clk/A (sky130_fd_sc_hd__clkbuf_2)
                  0.13    0.17    0.34 ^ clkbuf_1_0_0_clk/X (sky130_fd_sc_hd__clkbuf_2)
    12    0.02                           clknet_1_0_0_clk (net)
                  0.13    0.00    0.34 ^ _291_/CLK (sky130_fd_sc_hd__dfrtp_4)
                          0.25    0.59   clock uncertainty
                          0.00    0.59   clock reconvergence pessimism
                          0.35    0.94   library removal time
                                  0.94   data required time
-----------------------------------------------------------------------------
                                  0.94   data required time
                                -20.61   data arrival time
-----------------------------------------------------------------------------
                                 19.68   slack (MET)


Startpoint: reset (input port clocked by clk)
Endpoint: _292_ (removal check against rising-edge clock clk)
Path Group: **async_default**
Path Type: min

Fanout     Cap    Slew   Delay    Time   Description
-----------------------------------------------------------------------------
                          0.00    0.00   clock clk (rise edge)
                          0.00    0.00   clock network delay (propagated)
                         20.00   20.00 v input external delay
                  0.01    0.01   20.01 v reset (in)
     1    0.00                           reset (net)
                  0.01    0.00   20.01 v input1/A (sky130_fd_sc_hd__buf_2)
                  0.04    0.11   20.12 v input1/X (sky130_fd_sc_hd__buf_2)
     2    0.01                           net1 (net)
                  0.04    0.00   20.12 v _141_/A (sky130_fd_sc_hd__inv_2)
                  0.04    0.05   20.17 ^ _141_/Y (sky130_fd_sc_hd__inv_2)
     4    0.01                           _130_ (net)
                  0.04    0.00   20.17 ^ _153_/A (sky130_fd_sc_hd__dlymetal6s2s_1)
                  0.13    0.14   20.31 ^ _153_/X (sky130_fd_sc_hd__dlymetal6s2s_1)
     5    0.01                           _139_ (net)
                  0.13    0.00   20.31 ^ _186_/A (sky130_fd_sc_hd__clkbuf_2)
                  0.07    0.15   20.45 ^ _186_/X (sky130_fd_sc_hd__clkbuf_2)
     5    0.01                           _063_ (net)
                  0.07    0.00   20.45 ^ _190_/A (sky130_fd_sc_hd__clkbuf_1)
                  0.04    0.08   20.53 ^ _190_/X (sky130_fd_sc_hd__clkbuf_1)
     1    0.00                           _065_ (net)
                  0.04    0.00   20.53 ^ _191_/A (sky130_fd_sc_hd__clkbuf_1)
                  0.06    0.08   20.61 ^ _191_/X (sky130_fd_sc_hd__clkbuf_1)
     1    0.00                           _019_ (net)
                  0.06    0.00   20.61 ^ _292_/RESET_B (sky130_fd_sc_hd__dfrtp_4)
                                 20.61   data arrival time

                          0.00    0.00   clock clk (rise edge)
                          0.00    0.00   clock source latency
                  0.07    0.05    0.05 ^ clk (in)
     1    0.01                           clk (net)
                  0.07    0.00    0.05 ^ clkbuf_0_clk/A (sky130_fd_sc_hd__clkbuf_16)
                  0.03    0.13    0.18 ^ clkbuf_0_clk/X (sky130_fd_sc_hd__clkbuf_16)
     2    0.00                           clknet_0_clk (net)
                  0.03    0.00    0.18 ^ clkbuf_1_0_0_clk/A (sky130_fd_sc_hd__clkbuf_2)
                  0.13    0.17    0.34 ^ clkbuf_1_0_0_clk/X (sky130_fd_sc_hd__clkbuf_2)
    12    0.02                           clknet_1_0_0_clk (net)
                  0.13    0.00    0.34 ^ _292_/CLK (sky130_fd_sc_hd__dfrtp_4)
                          0.25    0.59   clock uncertainty
                          0.00    0.59   clock reconvergence pessimism
                          0.35    0.94   library removal time
                                  0.94   data required time
-----------------------------------------------------------------------------
                                  0.94   data required time
                                -20.61   data arrival time
-----------------------------------------------------------------------------
                                 19.68   slack (MET)


Startpoint: _302_ (rising edge-triggered flip-flop clocked by clk)
Endpoint: _302_ (rising edge-triggered flip-flop clocked by clk)
Path Group: clk
Path Type: min

Fanout     Cap    Slew   Delay    Time   Description
-----------------------------------------------------------------------------
                          0.00    0.00   clock clk (rise edge)
                          0.00    0.00   clock source latency
                  0.07    0.04    0.04 ^ clk (in)
     1    0.01                           clk (net)
                  0.07    0.00    0.04 ^ clkbuf_0_clk/A (sky130_fd_sc_hd__clkbuf_16)
                  0.03    0.11    0.16 ^ clkbuf_0_clk/X (sky130_fd_sc_hd__clkbuf_16)
     2    0.00                           clknet_0_clk (net)
                  0.03    0.00    0.16 ^ clkbuf_1_0_0_clk/A (sky130_fd_sc_hd__clkbuf_2)
                  0.13    0.15    0.31 ^ clkbuf_1_0_0_clk/X (sky130_fd_sc_hd__clkbuf_2)
    12    0.02                           clknet_1_0_0_clk (net)
                  0.13    0.00    0.31 ^ _302_/CLK (sky130_fd_sc_hd__dfrtp_1)
                  0.07    0.35    0.66 ^ _302_/Q (sky130_fd_sc_hd__dfrtp_1)
     3    0.01                           datapath_module0.multiplier[1] (net)
                  0.07    0.00    0.66 ^ _160_/B1 (sky130_fd_sc_hd__a22o_1)
                  0.04    0.11    0.76 ^ _160_/X (sky130_fd_sc_hd__a22o_1)
     1    0.00                           _049_ (net)
                  0.04    0.00    0.76 ^ _302_/D (sky130_fd_sc_hd__dfrtp_1)
                                  0.76   data arrival time

                          0.00    0.00   clock clk (rise edge)
                          0.00    0.00   clock source latency
                  0.07    0.05    0.05 ^ clk (in)
     1    0.01                           clk (net)
                  0.07    0.00    0.05 ^ clkbuf_0_clk/A (sky130_fd_sc_hd__clkbuf_16)
                  0.03    0.13    0.18 ^ clkbuf_0_clk/X (sky130_fd_sc_hd__clkbuf_16)
     2    0.00                           clknet_0_clk (net)
                  0.03    0.00    0.18 ^ clkbuf_1_0_0_clk/A (sky130_fd_sc_hd__clkbuf_2)
                  0.13    0.17    0.34 ^ clkbuf_1_0_0_clk/X (sky130_fd_sc_hd__clkbuf_2)
    12    0.02                           clknet_1_0_0_clk (net)
                  0.13    0.00    0.34 ^ _302_/CLK (sky130_fd_sc_hd__dfrtp_1)
                          0.25    0.59   clock uncertainty
                         -0.03    0.56   clock reconvergence pessimism
                         -0.02    0.54   library hold time
                                  0.54   data required time
-----------------------------------------------------------------------------
                                  0.54   data required time
                                 -0.76   data arrival time
-----------------------------------------------------------------------------
                                  0.23   slack (MET)


Startpoint: _303_ (rising edge-triggered flip-flop clocked by clk)
Endpoint: _303_ (rising edge-triggered flip-flop clocked by clk)
Path Group: clk
Path Type: min

Fanout     Cap    Slew   Delay    Time   Description
-----------------------------------------------------------------------------
                          0.00    0.00   clock clk (rise edge)
                          0.00    0.00   clock source latency
                  0.07    0.04    0.04 ^ clk (in)
     1    0.01                           clk (net)
                  0.07    0.00    0.04 ^ clkbuf_0_clk/A (sky130_fd_sc_hd__clkbuf_16)
                  0.03    0.11    0.16 ^ clkbuf_0_clk/X (sky130_fd_sc_hd__clkbuf_16)
     2    0.00                           clknet_0_clk (net)
                  0.03    0.00    0.16 ^ clkbuf_1_0_0_clk/A (sky130_fd_sc_hd__clkbuf_2)
                  0.13    0.15    0.31 ^ clkbuf_1_0_0_clk/X (sky130_fd_sc_hd__clkbuf_2)
    12    0.02                           clknet_1_0_0_clk (net)
                  0.13    0.00    0.31 ^ _303_/CLK (sky130_fd_sc_hd__dfrtp_1)
                  0.07    0.35    0.66 ^ _303_/Q (sky130_fd_sc_hd__dfrtp_1)
     3    0.01                           datapath_module0.multiplier[2] (net)
                  0.07    0.00    0.66 ^ _157_/B1 (sky130_fd_sc_hd__a22o_1)
                  0.04    0.11    0.77 ^ _157_/X (sky130_fd_sc_hd__a22o_1)
     1    0.00                           _050_ (net)
                  0.04    0.00    0.77 ^ _303_/D (sky130_fd_sc_hd__dfrtp_1)
                                  0.77   data arrival time

                          0.00    0.00   clock clk (rise edge)
                          0.00    0.00   clock source latency
                  0.07    0.05    0.05 ^ clk (in)
     1    0.01                           clk (net)
                  0.07    0.00    0.05 ^ clkbuf_0_clk/A (sky130_fd_sc_hd__clkbuf_16)
                  0.03    0.13    0.18 ^ clkbuf_0_clk/X (sky130_fd_sc_hd__clkbuf_16)
     2    0.00                           clknet_0_clk (net)
                  0.03    0.00    0.18 ^ clkbuf_1_0_0_clk/A (sky130_fd_sc_hd__clkbuf_2)
                  0.13    0.17    0.34 ^ clkbuf_1_0_0_clk/X (sky130_fd_sc_hd__clkbuf_2)
    12    0.02                           clknet_1_0_0_clk (net)
                  0.13    0.00    0.34 ^ _303_/CLK (sky130_fd_sc_hd__dfrtp_1)
                          0.25    0.59   clock uncertainty
                         -0.03    0.56   clock reconvergence pessimism
                         -0.02    0.54   library hold time
                                  0.54   data required time
-----------------------------------------------------------------------------
                                  0.54   data required time
                                 -0.77   data arrival time
-----------------------------------------------------------------------------
                                  0.23   slack (MET)


Startpoint: _301_ (rising edge-triggered flip-flop clocked by clk)
Endpoint: _301_ (rising edge-triggered flip-flop clocked by clk)
Path Group: clk
Path Type: min

Fanout     Cap    Slew   Delay    Time   Description
-----------------------------------------------------------------------------
                          0.00    0.00   clock clk (rise edge)
                          0.00    0.00   clock source latency
                  0.07    0.04    0.04 ^ clk (in)
     1    0.01                           clk (net)
                  0.07    0.00    0.04 ^ clkbuf_0_clk/A (sky130_fd_sc_hd__clkbuf_16)
                  0.03    0.11    0.16 ^ clkbuf_0_clk/X (sky130_fd_sc_hd__clkbuf_16)
     2    0.00                           clknet_0_clk (net)
                  0.03    0.00    0.16 ^ clkbuf_1_0_0_clk/A (sky130_fd_sc_hd__clkbuf_2)
                  0.13    0.15    0.31 ^ clkbuf_1_0_0_clk/X (sky130_fd_sc_hd__clkbuf_2)
    12    0.02                           clknet_1_0_0_clk (net)
                  0.13    0.00    0.31 ^ _301_/CLK (sky130_fd_sc_hd__dfrtp_1)
                  0.07    0.35    0.66 ^ _301_/Q (sky130_fd_sc_hd__dfrtp_1)
     3    0.01                           control_module0.m0 (net)
                  0.07    0.00    0.66 ^ _163_/B1 (sky130_fd_sc_hd__a22o_1)
                  0.04    0.11    0.77 ^ _163_/X (sky130_fd_sc_hd__a22o_1)
     1    0.00                           _048_ (net)
                  0.04    0.00    0.77 ^ _301_/D (sky130_fd_sc_hd__dfrtp_1)
                                  0.77   data arrival time

                          0.00    0.00   clock clk (rise edge)
                          0.00    0.00   clock source latency
                  0.07    0.05    0.05 ^ clk (in)
     1    0.01                           clk (net)
                  0.07    0.00    0.05 ^ clkbuf_0_clk/A (sky130_fd_sc_hd__clkbuf_16)
                  0.03    0.13    0.18 ^ clkbuf_0_clk/X (sky130_fd_sc_hd__clkbuf_16)
     2    0.00                           clknet_0_clk (net)
                  0.03    0.00    0.18 ^ clkbuf_1_0_0_clk/A (sky130_fd_sc_hd__clkbuf_2)
                  0.13    0.17    0.34 ^ clkbuf_1_0_0_clk/X (sky130_fd_sc_hd__clkbuf_2)
    12    0.02                           clknet_1_0_0_clk (net)
                  0.13    0.00    0.34 ^ _301_/CLK (sky130_fd_sc_hd__dfrtp_1)
                          0.25    0.59   clock uncertainty
                         -0.03    0.56   clock reconvergence pessimism
                         -0.02    0.54   library hold time
                                  0.54   data required time
-----------------------------------------------------------------------------
                                  0.54   data required time
                                 -0.77   data arrival time
-----------------------------------------------------------------------------
                                  0.23   slack (MET)


Startpoint: _304_ (rising edge-triggered flip-flop clocked by clk)
Endpoint: _304_ (rising edge-triggered flip-flop clocked by clk)
Path Group: clk
Path Type: min

Fanout     Cap    Slew   Delay    Time   Description
-----------------------------------------------------------------------------
                          0.00    0.00   clock clk (rise edge)
                          0.00    0.00   clock source latency
                  0.07    0.04    0.04 ^ clk (in)
     1    0.01                           clk (net)
                  0.07    0.00    0.04 ^ clkbuf_0_clk/A (sky130_fd_sc_hd__clkbuf_16)
                  0.03    0.11    0.16 ^ clkbuf_0_clk/X (sky130_fd_sc_hd__clkbuf_16)
     2    0.00                           clknet_0_clk (net)
                  0.03    0.00    0.16 ^ clkbuf_1_0_0_clk/A (sky130_fd_sc_hd__clkbuf_2)
                  0.13    0.15    0.31 ^ clkbuf_1_0_0_clk/X (sky130_fd_sc_hd__clkbuf_2)
    12    0.02                           clknet_1_0_0_clk (net)
                  0.13    0.00    0.31 ^ _304_/CLK (sky130_fd_sc_hd__dfrtp_1)
                  0.07    0.35    0.66 ^ _304_/Q (sky130_fd_sc_hd__dfrtp_1)
     3    0.01                           datapath_module0.multiplier[3] (net)
                  0.07    0.00    0.66 ^ _152_/A1 (sky130_fd_sc_hd__a22o_1)
                  0.04    0.12    0.77 ^ _152_/X (sky130_fd_sc_hd__a22o_1)
     1    0.00                           _051_ (net)
                  0.04    0.00    0.77 ^ _304_/D (sky130_fd_sc_hd__dfrtp_1)
                                  0.77   data arrival time

                          0.00    0.00   clock clk (rise edge)
                          0.00    0.00   clock source latency
                  0.07    0.05    0.05 ^ clk (in)
     1    0.01                           clk (net)
                  0.07    0.00    0.05 ^ clkbuf_0_clk/A (sky130_fd_sc_hd__clkbuf_16)
                  0.03    0.13    0.18 ^ clkbuf_0_clk/X (sky130_fd_sc_hd__clkbuf_16)
     2    0.00                           clknet_0_clk (net)
                  0.03    0.00    0.18 ^ clkbuf_1_0_0_clk/A (sky130_fd_sc_hd__clkbuf_2)
                  0.13    0.17    0.34 ^ clkbuf_1_0_0_clk/X (sky130_fd_sc_hd__clkbuf_2)
    12    0.02                           clknet_1_0_0_clk (net)
                  0.13    0.00    0.34 ^ _304_/CLK (sky130_fd_sc_hd__dfrtp_1)
                          0.25    0.59   clock uncertainty
                         -0.03    0.56   clock reconvergence pessimism
                         -0.02    0.54   library hold time
                                  0.54   data required time
-----------------------------------------------------------------------------
                                  0.54   data required time
                                 -0.77   data arrival time
-----------------------------------------------------------------------------
                                  0.24   slack (MET)


Startpoint: _296_ (rising edge-triggered flip-flop clocked by clk)
Endpoint: _297_ (rising edge-triggered flip-flop clocked by clk)
Path Group: clk
Path Type: min

Fanout     Cap    Slew   Delay    Time   Description
-----------------------------------------------------------------------------
                          0.00    0.00   clock clk (rise edge)
                          0.00    0.00   clock source latency
                  0.07    0.04    0.04 ^ clk (in)
     1    0.01                           clk (net)
                  0.07    0.00    0.04 ^ clkbuf_0_clk/A (sky130_fd_sc_hd__clkbuf_16)
                  0.03    0.11    0.16 ^ clkbuf_0_clk/X (sky130_fd_sc_hd__clkbuf_16)
     2    0.00                           clknet_0_clk (net)
                  0.03    0.00    0.16 ^ clkbuf_1_0_0_clk/A (sky130_fd_sc_hd__clkbuf_2)
                  0.13    0.15    0.31 ^ clkbuf_1_0_0_clk/X (sky130_fd_sc_hd__clkbuf_2)
    12    0.02                           clknet_1_0_0_clk (net)
                  0.13    0.00    0.31 ^ _296_/CLK (sky130_fd_sc_hd__dfrtp_2)
                  0.08    0.38    0.69 ^ _296_/Q (sky130_fd_sc_hd__dfrtp_2)
     6    0.01                           datapath_module0.multiplicand[3] (net)
                  0.08    0.00    0.69 ^ _176_/B1 (sky130_fd_sc_hd__a22o_1)
                  0.04    0.11    0.80 ^ _176_/X (sky130_fd_sc_hd__a22o_1)
     1    0.00                           _044_ (net)
                  0.04    0.00    0.80 ^ _297_/D (sky130_fd_sc_hd__dfrtp_2)
                                  0.80   data arrival time

                          0.00    0.00   clock clk (rise edge)
                          0.00    0.00   clock source latency
                  0.07    0.05    0.05 ^ clk (in)
     1    0.01                           clk (net)
                  0.07    0.00    0.05 ^ clkbuf_0_clk/A (sky130_fd_sc_hd__clkbuf_16)
                  0.03    0.13    0.18 ^ clkbuf_0_clk/X (sky130_fd_sc_hd__clkbuf_16)
     2    0.00                           clknet_0_clk (net)
                  0.03    0.00    0.18 ^ clkbuf_1_0_0_clk/A (sky130_fd_sc_hd__clkbuf_2)
                  0.13    0.17    0.34 ^ clkbuf_1_0_0_clk/X (sky130_fd_sc_hd__clkbuf_2)
    12    0.02                           clknet_1_0_0_clk (net)
                  0.13    0.00    0.34 ^ _297_/CLK (sky130_fd_sc_hd__dfrtp_2)
                          0.25    0.59   clock uncertainty
                         -0.03    0.56   clock reconvergence pessimism
                         -0.02    0.54   library hold time
                                  0.54   data required time
-----------------------------------------------------------------------------
                                  0.54   data required time
                                 -0.80   data arrival time
-----------------------------------------------------------------------------
                                  0.27   slack (MET)


